2026-07-26T10:48:17.268Z run: start phase=refine
2026-07-26T10:48:17.269Z phase:refine: start
2026-07-26T10:48:30.211Z phase:refine: done ms=12942
2026-07-26T10:48:32.539Z phase:research: start
2026-07-26T10:48:33.893Z orientation: pre-supplied 12 core files
2026-07-26T10:48:33.894Z worker:files: start
2026-07-26T10:48:42.522Z worker:files: writing answer…
2026-07-26T10:48:43.559Z worker:files: ls: /home/edgars/.pi/agent/extensions/pi-task/src/task
2026-07-26T10:48:45.053Z worker:files: read: /home/edgars/.pi/agent/extensions/pi-task/src/task/task-gates.ts
2026-07-26T10:48:52.100Z worker:files: writing answer…
2026-07-26T10:48:52.940Z worker:files: read: /home/edgars/.pi/agent/extensions/pi-task/src/task/auto-io.ts
2026-07-26T10:48:56.258Z worker:files: read: /home/edgars/.pi/agent/extensions/pi-task/src/task/task-io.ts
2026-07-26T10:48:58.811Z worker:files: read: /home/edgars/.pi/agent/extensions/pi-task/src/task/task-types.ts
2026-07-26T10:48:59.552Z worker:files: writing answer…
2026-07-26T10:49:00.434Z worker:files: ls: /home/edgars/hub/mx5
2026-07-26T10:49:01.282Z worker:files: ls: /home/edgars/hub/mx5/.pi-tasks
2026-07-26T10:49:03.276Z worker:files: ls: /home/edgars/hub/mx5/.pi-tasks/TASK_AUTO_0001.md
2026-07-26T10:49:04.511Z worker:files: read: /home/edgars/hub/mx5/.pi-tasks/TASK_AUTO_0001.md
2026-07-26T10:49:08.829Z worker:files: writing answer…
2026-07-26T10:49:10.151Z worker:files: read: /home/edgars/hub/mx5/.pi-tasks/TASK_0012.md
2026-07-26T10:49:14.450Z worker:files: writing answer…
2026-07-26T10:49:15.690Z worker:files: read: /home/edgars/hub/mx5/.pi-tasks/TASK_0028.md
2026-07-26T10:49:22.561Z worker:files: read: /home/edgars/hub/mx5/.pi-tasks/TASK_0026.md
2026-07-26T10:49:26.367Z worker:files: read: /home/edgars/hub/mx5/.pi-tasks/TASK_0026.md
2026-07-26T10:49:29.290Z worker:files: writing answer…
2026-07-26T10:49:31.108Z worker:files: read: /home/edgars/hub/mx5/.pi-tasks/final-gate-debug.log
2026-07-26T10:49:44.851Z worker:files: read: /home/edgars/hub/mx5/.pi-tasks/final-gate-debug.log
2026-07-26T10:49:59.847Z worker:files: read: /home/edgars/hub/mx5/.pi-tasks/final-gate-debug.log
2026-07-26T10:50:10.811Z worker:files: writing answer…
2026-07-26T10:50:12.501Z worker:files: read: /home/edgars/hub/mx5/.pi-tasks/verify-debug.log
2026-07-26T10:50:21.514Z worker:files: writing answer…
2026-07-26T10:50:23.575Z worker:files: read: /home/edgars/hub/mx5/.pi-tasks/TASK_0022.md
2026-07-26T10:50:26.001Z worker:files: writing answer…
2026-07-26T10:50:27.848Z worker:files: read: /home/edgars/hub/mx5/.pi-tasks/TASK_0024.md
2026-07-26T10:50:30.499Z worker:files: writing answer…
2026-07-26T10:50:32.374Z worker:files: read: /home/edgars/hub/mx5/.pi-tasks/accept-debt.md
2026-07-26T10:50:34.727Z worker:files: read: /home/edgars/hub/mx5/.pi-tasks/TASK_0027.md
2026-07-26T10:50:38.795Z worker:files: writing answer…
2026-07-26T10:50:41.397Z worker:files: read: /home/edgars/hub/mx5/.pi-tasks/TASK_0027.md
2026-07-26T10:50:42.651Z worker:files: writing answer…
2026-07-26T10:50:44.827Z worker:files: read: /home/edgars/hub/mx5/.pi-tasks/TASK_0041.md
2026-07-26T10:50:47.581Z worker:files: writing answer…
2026-07-26T10:50:49.181Z worker:files: read: /home/edgars/hub/mx5/DESIGN/PROJECT.md
2026-07-26T10:50:52.346Z worker:files: writing answer…
2026-07-26T10:50:54.225Z worker:files: read: /home/edgars/.pi/agent/extensions/pi-task/src/workers/pi-worker.ts
2026-07-26T10:50:56.201Z worker:files: writing answer…
2026-07-26T10:50:57.619Z worker:files: ls: /home/edgars/hub/mx5/src/client/pages
2026-07-26T10:50:58.125Z worker:files: writing answer…
2026-07-26T10:50:59.359Z worker:files: read: /home/edgars/hub/mx5/src/server/index.ts
2026-07-26T10:51:00.913Z worker:files: writing answer…
2026-07-26T10:51:01.926Z worker:files: read: /home/edgars/hub/mx5/build.ts
2026-07-26T10:51:03.001Z worker:files: writing answer…
2026-07-26T10:51:04.087Z worker:files: read: /home/edgars/hub/mx5/package.json
2026-07-26T10:51:05.785Z worker:files: writing answer…
2026-07-26T10:51:07.689Z worker:files: grep: /home/edgars/hub/mx5/.pi-tasks
2026-07-26T10:51:12.224Z worker:files: grep: /home/edgars/hub/mx5/.pi-tasks
2026-07-26T10:51:13.752Z worker:files: writing answer…
2026-07-26T10:51:16.199Z worker:files: read: /home/edgars/hub/mx5/.pi-tasks/final-gate-debug.log
2026-07-26T10:51:18.070Z worker:files: read: /home/edgars/hub/mx5/.pi-tasks/final-gate-debug.log
2026-07-26T10:51:28.540Z worker:files: writing answer…
2026-07-26T10:51:30.700Z worker:files: read: /home/edgars/hub/mx5/.pi-tasks/TASK_0041.md
2026-07-26T10:51:32.096Z worker:files: writing answer…
2026-07-26T10:51:34.753Z worker:files: read: /home/edgars/hub/mx5/.pi-tasks/TASK_0040.md
2026-07-26T10:51:36.187Z worker:files: writing answer…
2026-07-26T10:51:37.425Z worker:files: read: /home/edgars/hub/mx5/src/client/api.ts
2026-07-26T10:51:39.590Z worker:files: read: /home/edgars/hub/mx5/src/client/pages/LoginPage.tsx
2026-07-26T10:51:41.316Z worker:files: writing answer…
2026-07-26T10:51:42.632Z worker:files: read: /home/edgars/hub/mx5/.env
2026-07-26T10:51:44.474Z worker:files: read: /home/edgars/hub/mx5/.env.example
2026-07-26T10:51:45.032Z worker:files: writing answer…
2026-07-26T10:51:46.116Z worker:files: read: /home/edgars/hub/mx5/bunfig.toml
2026-07-26T10:51:46.870Z worker:files: writing answer…
2026-07-26T10:51:48.212Z worker:files: read: /home/edgars/hub/mx5/src/client/main.tsx
2026-07-26T10:51:50.288Z worker:files: writing answer…
2026-07-26T10:51:51.846Z worker:files: read: /home/edgars/hub/mx5/src/client/guards.tsx
2026-07-26T10:51:54.734Z worker:files: read: /home/edgars/hub/mx5/src/client/hooks/useAuth.ts
2026-07-26T10:51:56.613Z worker:files: writing answer…
2026-07-26T10:52:45.452Z worker:files: ls: /home/edgars/hub/mx5/.pi-tasks
2026-07-26T10:52:45.454Z worker:files: ls: /home/edgars/hub/mx5
2026-07-26T10:52:46.574Z worker:files: writing answer…
2026-07-26T10:52:49.445Z worker:files: read: /home/edgars/hub/mx5/.pi-tasks/requirements.md
2026-07-26T10:52:49.445Z worker:files: read: /home/edgars/hub/mx5/.pi-tasks/launch-contract.md
2026-07-26T10:52:49.445Z worker:files: read: /home/edgars/hub/mx5/.pi-tasks/final-gate-debug.log
2026-07-26T10:53:03.801Z worker:files: writing answer…
2026-07-26T10:53:06.736Z worker:files: read: /home/edgars/hub/mx5/.pi-tasks/verify-debug.log
2026-07-26T10:53:06.737Z worker:files: read: /home/edgars/hub/mx5/.pi-tasks/plan-debug.log
2026-07-26T10:53:06.737Z worker:files: read: /home/edgars/hub/mx5/.pi-tasks/TASK_AUTO_0001.md
2026-07-26T10:53:29.945Z worker:files: writing answer…
2026-07-26T10:53:33.870Z worker:files: read: /home/edgars/hub/mx5/.pi-tasks/TASK_0001-debug.log
2026-07-26T10:53:33.870Z worker:files: read: /home/edgars/hub/mx5/.pi-tasks/TASK_0002-debug.log
2026-07-26T10:53:33.870Z worker:files: read: /home/edgars/hub/mx5/.pi-tasks/research-cache.json
2026-07-26T10:53:41.218Z worker:files: read: /home/edgars/hub/mx5/.pi-tasks/TASK_0001-debug.log
2026-07-26T10:53:41.218Z worker:files: read: /home/edgars/hub/mx5/.pi-tasks/TASK_0002-debug.log
2026-07-26T10:53:42.810Z worker:files: writing answer…
2026-07-26T10:53:46.526Z worker:files: read: /home/edgars/hub/mx5/.pi-tasks/TASK_0012-debug.log
2026-07-26T10:53:46.526Z worker:files: read: /home/edgars/hub/mx5/.pi-tasks/TASK_0028-debug.log
2026-07-26T10:53:53.461Z worker:files: writing answer…
2026-07-26T10:53:58.022Z worker:files: grep: /home/edgars/hub/mx5/.pi-tasks
2026-07-26T10:53:58.023Z worker:files: grep: /home/edgars/hub/mx5/.pi-tasks
2026-07-26T10:54:02.634Z worker:files: writing answer…
2026-07-26T10:54:07.794Z worker:files: read: /home/edgars/hub/mx5/.pi-tasks/TASK_0012.md
2026-07-26T10:54:07.794Z worker:files: read: /home/edgars/hub/mx5/.pi-tasks/TASK_0028.md
2026-07-26T10:54:12.436Z worker:files: writing answer…
2026-07-26T10:54:15.180Z worker:files: read: /home/edgars/hub/mx5/.pi-tasks/verify-debug.log
2026-07-26T10:54:32.597Z worker:files: writing answer…
2026-07-26T10:54:35.390Z worker:files: read: /home/edgars/hub/mx5/.pi-tasks/final-gate-debug.log
2026-07-26T10:54:50.115Z worker:files: writing answer…
2026-07-26T10:54:52.997Z worker:files: ls: /home/edgars/hub/mx5/.git
2026-07-26T10:54:52.997Z worker:files: read: /home/edgars/hub/mx5/.pi-tasks/TASK_0041-debug.log
2026-07-26T10:54:56.235Z worker:files: writing answer…
2026-07-26T10:54:59.560Z worker:files: read: /home/edgars/hub/mx5/.pi-tasks/TASK_AUTO_0001.md
2026-07-26T10:54:59.560Z worker:files: read: /home/edgars/hub/mx5/.pi-tasks/contracts.md
2026-07-26T10:55:02.243Z worker:files: writing answer…
2026-07-26T10:55:05.614Z worker:files: grep: /home/edgars/hub/mx5/.pi-tasks/TASK_AUTO_0001.md
2026-07-26T10:55:09.531Z worker:files: writing answer…
2026-07-26T10:55:14.792Z worker:files: grep: /home/edgars/hub/mx5/.pi-tasks/TASK_0001-debug.log
2026-07-26T10:55:14.792Z worker:files: grep: /home/edgars/hub/mx5/.pi-tasks/TASK_0041-debug.log
2026-07-26T10:55:18.899Z worker:files: grep: /home/edgars/hub/mx5/.pi-tasks/TASK_0020-debug.log
2026-07-26T10:55:18.899Z worker:files: grep: /home/edgars/hub/mx5/.pi-tasks/TASK_0030-debug.log
2026-07-26T10:55:20.991Z worker:files: writing answer…
2026-07-26T10:55:25.559Z worker:files: grep: /home/edgars/hub/mx5/.pi-tasks/TASK_0012.md
2026-07-26T10:55:25.559Z worker:files: grep: /home/edgars/hub/mx5/.pi-tasks/TASK_0028.md
2026-07-26T10:55:26.758Z worker:files: writing answer…
2026-07-26T10:55:29.624Z worker:files: grep: /home/edgars/hub/mx5/.pi-tasks/final-gate-debug.log
2026-07-26T10:55:30.889Z worker:files: writing answer…
2026-07-26T10:55:33.648Z worker:files: read: /home/edgars/hub/mx5/src/client/api.ts
2026-07-26T10:55:33.648Z worker:files: read: /home/edgars/hub/mx5/build.ts
2026-07-26T10:55:35.934Z worker:files: read: /home/edgars/hub/mx5/src/client/main.tsx
2026-07-26T10:55:37.885Z worker:files: writing answer…
2026-07-26T10:56:43.251Z worker:files: writing answer…
2026-07-26T10:56:44.936Z worker:files: grep: /home/edgars/.pi/agent/extensions/pi-task/src
2026-07-26T10:56:49.340Z worker:files: read: /home/edgars/.pi/agent/extensions/pi-task/src/task/task-types.ts
2026-07-26T10:56:49.340Z worker:files: read: /home/edgars/.pi/agent/extensions/pi-task/src/task/task-io.ts
2026-07-26T10:56:49.340Z worker:files: ls: /home/edgars/hub/mx5/.pi-tasks
2026-07-26T10:56:51.646Z worker:files: writing answer…
2026-07-26T10:56:53.599Z worker:files: ls: /home/edgars/hub/mx5
2026-07-26T10:56:53.599Z worker:files: ls: /home/edgars/hub/mx5/.git
2026-07-26T10:56:55.181Z worker:files: ls: /home/edgars/hub/mx5/src
2026-07-26T10:56:55.181Z worker:files: read: /home/edgars/hub/mx5/.pi-tasks/requirements.md
2026-07-26T10:56:57.744Z worker:files: ls: /home/edgars/hub/mx5/src/client
2026-07-26T10:56:57.744Z worker:files: ls: /home/edgars/hub/mx5/src/server
2026-07-26T10:56:57.744Z worker:files: ls: /home/edgars/hub/mx5/src/shared
2026-07-26T10:56:58.000Z worker:files: writing answer…
2026-07-26T10:57:00.197Z worker:files: read: /home/edgars/hub/mx5/.pi-tasks/TASK_0001.md
2026-07-26T10:57:00.197Z worker:files: read: /home/edgars/hub/mx5/.pi-tasks/TASK_0001-debug.log
2026-07-26T10:57:05.333Z worker:files: writing answer…
2026-07-26T10:57:07.632Z worker:files: read: /home/edgars/hub/mx5/.pi-tasks/TASK_AUTO_0001.md
2026-07-26T10:57:07.632Z worker:files: read: /home/edgars/hub/mx5/.pi-tasks/final-gate-debug.log
2026-07-26T10:57:29.126Z worker:files: writing answer…
2026-07-26T10:57:31.266Z worker:files: grep: /home/edgars/hub/mx5/.pi-tasks
2026-07-26T10:57:35.565Z worker:files: writing answer…
2026-07-26T10:57:37.610Z worker:files: grep: /home/edgars/hub/mx5/.pi-tasks
2026-07-26T10:57:40.627Z worker:files: writing answer…
2026-07-26T10:57:42.801Z worker:files: grep: /home/edgars/hub/mx5/.pi-tasks
2026-07-26T10:57:47.201Z worker:files: writing answer…
2026-07-26T10:57:51.313Z worker:files: read: /home/edgars/hub/mx5/.pi-tasks/TASK_0012.md
2026-07-26T10:57:51.313Z worker:files: read: /home/edgars/hub/mx5/.pi-tasks/TASK_0028.md
2026-07-26T10:57:54.032Z worker:files: read: /home/edgars/hub/mx5/.pi-tasks/TASK_0012.md
2026-07-26T10:57:55.067Z worker:files: writing answer…
2026-07-26T10:57:58.290Z worker:files: read: /home/edgars/hub/mx5/.pi-tasks/verify-debug.log
2026-07-26T10:57:58.290Z worker:files: read: /home/edgars/hub/mx5/.pi-tasks/TASK_0010.md
2026-07-26T10:58:06.620Z worker:files: writing answer…
2026-07-26T10:58:09.465Z worker:files: read: /home/edgars/hub/mx5/src/client/main.tsx
2026-07-26T10:58:09.465Z worker:files: read: /home/edgars/hub/mx5/src/client/api.ts
2026-07-26T10:58:09.465Z worker:files: read: /home/edgars/hub/mx5/src/client/hooks/useAuth.ts
2026-07-26T10:58:11.691Z worker:files: writing answer…
2026-07-26T10:58:13.543Z worker:files: read: /home/edgars/hub/mx5/build.ts
2026-07-26T10:58:13.543Z worker:files: read: /home/edgars/hub/mx5/src/server/index.ts
2026-07-26T10:58:15.301Z worker:files: writing answer…
2026-07-26T10:58:18.082Z worker:files: read: /home/edgars/hub/mx5/.pi-tasks/launch-contract.md
2026-07-26T10:58:18.082Z worker:files: read: /home/edgars/hub/mx5/.pi-tasks/plan-debug.log
2026-07-26T10:58:21.201Z worker:files: writing answer…
2026-07-26T10:58:23.764Z worker:files: read: /home/edgars/hub/mx5/.pi-tasks/contracts.md
2026-07-26T10:58:23.764Z worker:files: read: /home/edgars/hub/mx5/.pi-tasks/env-notes.md
2026-07-26T10:58:27.702Z worker:files: writing answer…
2026-07-26T10:58:30.492Z worker:files: read: /home/edgars/hub/mx5/.pi-tasks/accept-debt.md
2026-07-26T10:58:30.492Z worker:files: ls: /home/edgars/hub/mx5/src/client/pages
2026-07-26T10:58:31.348Z worker:files: writing answer…
2026-07-26T10:58:34.706Z worker:files: read: /home/edgars/hub/mx5/.pi-tasks/TASK_0026.md
2026-07-26T10:58:34.706Z worker:files: read: /home/edgars/hub/mx5/.pi-tasks/TASK_0027.md
2026-07-26T10:58:38.288Z worker:files: writing answer…
2026-07-26T10:58:41.250Z worker:files: read: /home/edgars/hub/mx5/.pi-tasks/TASK_0024.md
2026-07-26T10:58:41.250Z worker:files: read: /home/edgars/hub/mx5/.pi-tasks/TASK_0041.md
2026-07-26T10:58:42.413Z worker:files: writing answer…
2026-07-26T10:58:44.160Z worker:files: read: /home/edgars/hub/mx5/.pi-tasks/TASK_0040.md
2026-07-26T10:58:45.271Z worker:files: writing answer…
2026-07-26T10:58:49.208Z worker:files: read: /home/edgars/hub/mx5/.pi-tasks/TASK_0030.md
2026-07-26T10:58:49.208Z worker:files: read: /home/edgars/hub/mx5/.pi-tasks/TASK_0035.md
2026-07-26T10:58:50.999Z worker:files: writing answer…
2026-07-26T10:58:53.433Z worker:files: read: /home/edgars/hub/mx5/.pi-tasks/final-gate-debug.log
2026-07-26T10:59:06.787Z worker:files: writing answer…
2026-07-26T10:59:09.623Z worker:files: read: /home/edgars/hub/mx5/.pi-tasks/TASK_0028-debug.log
2026-07-26T10:59:12.642Z worker:files: writing answer…
2026-07-26T10:59:14.474Z worker:files: read: /home/edgars/hub/mx5/package.json
2026-07-26T10:59:19.216Z worker:files: writing answer…
2026-07-26T10:59:21.099Z worker:files: read: /home/edgars/hub/mx5/.pi-tasks/TASK_0037.md
2026-07-26T10:59:22.612Z worker:files: writing answer…
2026-07-26T10:59:25.325Z worker:files: read: /home/edgars/hub/mx5/src/client/guards.tsx
2026-07-26T10:59:26.436Z worker:files: writing answer…
2026-07-26T10:59:28.676Z worker:files: read: /home/edgars/hub/mx5/src/client/components/Nav.tsx
2026-07-26T10:59:29.704Z worker:files: writing answer…
2026-07-26T10:59:31.034Z worker:files: ls: /home/edgars/hub/mx5/DESIGN
2026-07-26T10:59:31.491Z worker:files: writing answer…
2026-07-26T10:59:33.138Z worker:files: read: /home/edgars/hub/mx5/.pi-tasks/research-cache.json
2026-07-26T10:59:33.745Z worker:files: writing answer…
2026-07-26T10:59:35.957Z worker:files: read: /home/edgars/hub/mx5/.pi-tasks/requirements-owned.md
2026-07-26T10:59:42.527Z worker:files: writing answer…
2026-07-26T11:00:35.388Z worker:files: done exit=143 wait=738ms work=240642ms
2026-07-26T11:00:35.392Z worker:files: degraded — timed out after restarts
2026-07-26T11:00:35.402Z worker:apis: start
2026-07-26T11:02:58.382Z phase:research: done ms=865843
2026-07-26T11:02:58.361Z worker:apis: done exit=0 wait=6197ms work=136753ms
2026-07-26T11:10:22.987Z run: start phase=research
2026-07-26T11:10:22.990Z phase:research: start
2026-07-26T11:10:24.434Z orientation: pre-supplied 12 core files
2026-07-26T11:10:24.434Z worker:files: cached — skipping re-run
2026-07-26T11:10:24.435Z worker:apis: start
2026-07-26T11:10:35.204Z worker:apis: writing answer…
2026-07-26T11:10:40.051Z worker:apis: pi-worker-docs: . "gate types verify enforce final-gate task-gates what gates …"
2026-07-26T11:10:48.572Z worker:apis: pi-worker-docs: . "task-gates.ts gate execution verify enforce final-gate gate…"
2026-07-26T11:11:00.208Z worker:apis: pi-worker-docs: . "pi-worker pi-worker-search pi-worker-fetch pi-worker-docs w…"
2026-07-26T11:11:10.623Z worker:apis: pi-worker-docs: . "DebtOrigin accept-debt final-gate autofix yolo-accepted deb…"
2026-07-26T11:11:19.803Z worker:apis: pi-worker-docs: . "timings.ts worker timings research phase timing measurement…"
2026-07-26T11:11:30.091Z worker:apis: pi-worker-docs: . "fs-text readTextFile writeTextFile file reading utilities"
2026-07-26T11:11:38.866Z worker:apis: writing answer…
2026-07-26T11:11:42.990Z worker:apis: done exit=0 wait=971ms work=77584ms
2026-07-26T11:11:42.991Z worker:context: start
2026-07-26T11:11:48.274Z worker:context: writing answer…
2026-07-26T11:11:50.047Z worker:context: read: /home/edgars/hub/mx5/.pi-tasks
2026-07-26T11:11:50.056Z worker:context: read: /home/edgars/hub/mx5
2026-07-26T11:11:51.917Z worker:context: grep: /home/edgars/hub/mx5
2026-07-26T11:11:51.926Z worker:context: read: /home/edgars/.pi/agent/extensions/pi-task/src/task/task-types.ts
2026-07-26T11:11:52.787Z worker:context: writing answer…
2026-07-26T11:11:54.604Z worker:context: grep: /home/edgars/hub/mx5/.pi-tasks
2026-07-26T11:11:54.604Z worker:context: read: /home/edgars/hub/mx5/.pi-tasks/TASK_AUTO_0001.md
2026-07-26T11:11:57.447Z worker:context: writing answer…
2026-07-26T11:11:59.579Z worker:context: grep: /home/edgars/hub/mx5/.pi-tasks
2026-07-26T11:11:59.579Z worker:context: read: /home/edgars/hub/mx5/.pi-tasks/requirements.md
2026-07-26T11:12:02.639Z worker:context: grep: /home/edgars/hub/mx5/.pi-tasks
2026-07-26T11:12:02.639Z worker:context: read: /home/edgars/hub/mx5/.pi-tasks/TASK_AUTO_0001.md
2026-07-26T11:12:04.064Z worker:context: writing answer…
2026-07-26T11:12:05.439Z worker:context: grep: /home/edgars/hub/mx5/.pi-tasks
2026-07-26T11:12:06.540Z worker:context: grep: /home/edgars/hub/mx5
2026-07-26T11:12:06.980Z worker:context: writing answer…
2026-07-26T11:12:08.700Z worker:context: grep: /home/edgars/hub/mx5/.pi-tasks
2026-07-26T11:12:13.995Z worker:context: writing answer…
2026-07-26T11:12:16.133Z worker:context: read: /home/edgars/hub/mx5/.pi-tasks
2026-07-26T11:12:16.133Z worker:context: read: /home/edgars/hub/mx5
2026-07-26T11:12:18.034Z worker:context: grep: /home/edgars/hub/mx5/.pi-tasks
2026-07-26T11:12:19.109Z worker:context: grep: /home/edgars/hub/mx5/.pi-tasks
2026-07-26T11:12:20.029Z worker:context: grep: /home/edgars/hub/mx5/.pi-tasks
2026-07-26T11:12:20.835Z worker:context: grep: /home/edgars/hub/mx5/.pi-tasks
2026-07-26T11:12:21.201Z worker:context: grep: /home/edgars/hub/mx5/.pi-tasks
2026-07-26T11:12:25.512Z worker:context: writing answer…
2026-07-26T11:12:28.267Z worker:context: read: /home/edgars/hub/mx5/.pi-tasks
2026-07-26T11:12:28.267Z worker:context: read: /home/edgars/hub/mx5
2026-07-26T11:12:30.351Z worker:context: grep: /home/edgars/hub/mx5/.pi-tasks
2026-07-26T11:12:30.351Z worker:context: grep: /home/edgars/hub/mx5
2026-07-26T11:12:31.637Z worker:context: writing answer…
2026-07-26T11:12:34.460Z worker:context: grep: /home/edgars/hub/mx5/.pi-tasks
2026-07-26T11:12:34.460Z worker:context: grep: /home/edgars/hub/mx5/.pi-tasks
2026-07-26T11:12:46.019Z worker:context: writing answer…
2026-07-26T11:12:48.904Z worker:context: grep: /home/edgars/hub/mx5/.pi-tasks
2026-07-26T11:12:49.605Z worker:context: grep: /home/edgars/hub/mx5/.pi-tasks
2026-07-26T11:12:49.629Z worker:context: silent-retry first-silent cause=loop-degrade — zero bullets, re-running once with a forced-emit preamble
2026-07-26T11:12:57.145Z worker:context: read: /home/edgars/.pi/agent/extensions/pi-task/package.json
2026-07-26T11:12:57.145Z worker:context: read: /home/edgars/.pi/agent/extensions/pi-task/src/index.ts
2026-07-26T11:12:57.145Z worker:context: read: /home/edgars/.pi/agent/extensions/pi-task/src/task/task-types.ts
2026-07-26T11:13:01.027Z worker:context: read: /home/edgars/.pi/agent/extensions/pi-task/src/task/orchestrator.ts
2026-07-26T11:13:01.028Z worker:context: read: /home/edgars/.pi/agent/extensions/pi-task/src/task/phases.ts
2026-07-26T11:13:01.028Z worker:context: read: /home/edgars/.pi/agent/extensions/pi-task/src/task/task-gates.ts
2026-07-26T11:13:18.992Z worker:context: read: /home/edgars/.pi/agent/extensions/pi-task/src/task/task-io.ts
2026-07-26T11:13:18.992Z worker:context: read: /home/edgars/.pi/agent/extensions/pi-task/src/workers/index.ts
2026-07-26T11:13:18.992Z worker:context: read: /home/edgars/.pi/agent/extensions/pi-task/src/task/auto-orchestrator.ts
2026-07-26T11:13:24.008Z worker:context: read: /home/edgars/.pi/agent/extensions/pi-task/src/workers/pi-worker-core.ts
2026-07-26T11:13:24.008Z worker:context: read: /home/edgars/.pi/agent/extensions/pi-task/src/workers/pi-worker.ts
2026-07-26T11:13:24.008Z worker:context: read: /home/edgars/.pi/agent/extensions/pi-task/src/workers/pi-worker-search.ts
2026-07-26T11:13:28.922Z worker:context: read: /home/edgars/.pi/agent/extensions/pi-task/src/workers/pi-worker-fetch.ts
2026-07-26T11:13:28.922Z worker:context: read: /home/edgars/.pi/agent/extensions/pi-task/src/workers/pi-worker-docs.ts
2026-07-26T11:13:28.922Z worker:context: read: /home/edgars/.pi/agent/extensions/pi-task/src/task/failure-classifier.ts
2026-07-26T11:13:34.101Z worker:context: read: /home/edgars/.pi/agent/extensions/pi-task/src/task/orchestrator.ts
2026-07-26T11:13:34.101Z worker:context: read: /home/edgars/.pi/agent/extensions/pi-task/src/task/auto-io.ts
2026-07-26T11:13:39.188Z worker:context: read: /home/edgars/.pi/agent/extensions/pi-task/src/task/verify-work.ts
2026-07-26T11:13:39.188Z worker:context: read: /home/edgars/.pi/agent/extensions/pi-task/src/task/enforce-guidelines.ts
2026-07-26T11:13:39.188Z worker:context: read: /home/edgars/.pi/agent/extensions/pi-task/src/task/final-gate.ts
2026-07-26T11:13:45.628Z worker:context: read: /home/edgars/.pi/agent/extensions/pi-task/src/task/orchestrator.ts
2026-07-26T11:13:45.628Z worker:context: read: /home/edgars/.pi/agent/extensions/pi-task/src/task/gate-deps.ts
2026-07-26T11:13:51.557Z worker:context: read: /home/edgars/.pi/agent/extensions/pi-task/src/task/orchestrator.ts
2026-07-26T11:13:51.557Z worker:context: grep: /home/edgars/.pi/agent/extensions/pi-task/src/task/orchestrator.ts
2026-07-26T11:13:55.345Z worker:context: read: /home/edgars/.pi/agent/extensions/pi-task/src/task/orchestrator.ts
2026-07-26T11:13:59.198Z worker:context: read: /home/edgars/.pi/agent/extensions/pi-task/src/task/orchestrator.ts
2026-07-26T11:14:01.250Z worker:context: writing answer…
2026-07-26T11:14:03.844Z worker:context: read: /home/edgars/.pi/agent/extensions/pi-task/src/task/task-parsers.ts
2026-07-26T11:14:03.844Z worker:context: read: /home/edgars/.pi/agent/extensions/pi-task/src/task/timings.ts
2026-07-26T11:14:08.830Z worker:context: read: /home/edgars/.pi/agent/extensions/pi-task/src/task/orchestrator.ts
2026-07-26T11:14:08.830Z worker:context: read: /home/edgars/.pi/agent/extensions/pi-task/src/task/orchestrator.ts
2026-07-26T11:14:12.456Z worker:context: read: /home/edgars/.pi/agent/extensions/pi-task/src/task/orchestrator.ts
2026-07-26T11:14:13.428Z worker:context: writing answer…
2026-07-26T11:14:46.923Z worker:context: silent-retry recovered bullets=37 — replacing the silent section
2026-07-26T11:14:46.923Z worker:context: done exit=0 wait=620ms work=116673ms
2026-07-26T11:14:46.926Z worker:tooling: start
2026-07-26T11:15:14.101Z worker:tooling: read: /home/edgars/.pi/agent/extensions/pi-task/package.json
2026-07-26T11:15:15.132Z worker:tooling: writing answer…
2026-07-26T11:15:16.332Z worker:tooling: done exit=0 wait=625ms work=28780ms
2026-07-26T11:15:23.054Z phase:research: done ms=300064
2026-07-26T11:15:23.056Z phase:grill: start
2026-07-26T11:15:58.518Z phase:grill: done ms=35462
2026-07-26T11:15:58.520Z phase:compose: start
2026-07-26T11:16:12.825Z phase:compose: done ms=14304
2026-07-26T11:16:12.827Z phase:critique: start
2026-07-26T11:16:31.383Z phase:critique: done ms=18556
