2026-07-27T18:02:35.786Z run: start phase=refine
2026-07-27T18:02:35.788Z phase:refine: start
2026-07-27T18:02:47.035Z phase:refine: done ms=11247
2026-07-27T18:02:49.221Z phase:research: start
2026-07-27T18:02:51.290Z orientation: pre-supplied 12 core files
2026-07-27T18:02:51.292Z worker:files: start
2026-07-27T18:03:00.981Z worker:files: read: /home/edgars/.pi/agent/extensions/pi-task/.github/workflows/ci.yml
2026-07-27T18:03:05.057Z worker:files: read: /home/edgars/.pi/agent/extensions/pi-task/scripts/node-smoke.mjs
2026-07-27T18:03:05.057Z worker:files: read: /home/edgars/.pi/agent/extensions/pi-task/bunfig.toml
2026-07-27T18:03:05.057Z worker:files: read: /home/edgars/.pi/agent/extensions/pi-task/bun.lock
2026-07-27T18:03:07.696Z worker:files: read: /home/edgars/.pi/agent/extensions/pi-task/tsconfig.build.json
2026-07-27T18:03:08.079Z worker:files: writing answer…
2026-07-27T18:03:15.808Z worker:files: done exit=0 wait=630ms work=23886ms
2026-07-27T18:03:15.810Z worker:apis: start
2026-07-27T18:03:26.366Z worker:apis: writing answer…
2026-07-27T18:03:27.198Z worker:apis: read: .github/workflows/ci.yml
2026-07-27T18:03:28.925Z worker:apis: writing answer…
2026-07-27T18:03:30.131Z worker:apis: pi-worker-search: "github.com mjasnikovs/pi-task actions ci failing workflow l…"
2026-07-27T18:03:31.574Z worker:apis: pi-worker-search: "site:github.com/mjasnikovs/pi-task/actions failing ci workf…"
2026-07-27T18:03:31.973Z worker:apis: writing answer…
2026-07-27T18:03:33.669Z worker:apis: pi-worker-fetch: https://github.com/mjasnikovs/pi-task/actions
2026-07-27T18:03:39.225Z worker:apis: writing answer…
2026-07-27T18:03:41.581Z worker:apis: pi-worker-fetch: https://github.com/mjasnikovs/pi-task/actions/workflows/ci.…
2026-07-27T18:03:46.783Z worker:apis: writing answer…
2026-07-27T18:03:49.078Z worker:apis: read: scripts/node-smoke.mjs
2026-07-27T18:03:49.078Z worker:apis: read: tsconfig.build.json
2026-07-27T18:03:49.078Z worker:apis: read: bunfig.toml
2026-07-27T18:03:50.778Z worker:apis: writing answer…
2026-07-27T18:03:53.405Z worker:apis: pi-worker-docs: . "What does the orchestrator module export? Key functions, ty…"
2026-07-27T18:04:00.336Z worker:apis: writing answer…
2026-07-27T18:04:02.074Z worker:apis: grep: src
2026-07-27T18:04:03.161Z worker:apis: read: src/task/real-pi.smoke.test.ts
2026-07-27T18:04:04.368Z worker:apis: writing answer…
2026-07-27T18:04:06.709Z worker:apis: grep: src
2026-07-27T18:04:06.906Z worker:apis: writing answer…
2026-07-27T18:04:07.754Z worker:apis: read: bun.lock
2026-07-27T18:04:12.177Z worker:apis: writing answer…
2026-07-27T18:04:14.218Z worker:apis: pi-worker-fetch: https://api.github.com/repos/mjasnikovs/pi-task/actions/wor…
2026-07-27T18:04:27.538Z worker:apis: writing answer…
2026-07-27T18:04:29.535Z worker:apis: pi-worker-fetch: https://api.github.com/repos/mjasnikovs/pi-task/actions/run…
2026-07-27T18:05:55.544Z worker:apis: writing answer…
2026-07-27T18:05:58.259Z worker:apis: pi-worker-fetch: https://api.github.com/repos/mjasnikovs/pi-task/actions/job…
2026-07-27T18:05:58.801Z worker:apis: writing answer…
2026-07-27T18:06:01.171Z worker:apis: pi-worker-fetch: https://api.github.com/repos/mjasnikovs/pi-task/actions/job…
2026-07-27T18:06:02.149Z worker:apis: writing answer…
2026-07-27T18:06:04.571Z worker:apis: pi-worker-fetch: https://api.github.com/repos/mjasnikovs/pi-task/check-runs?…
2026-07-27T18:06:07.092Z worker:apis: pi-worker-fetch: https://api.github.com/repos/mjasnikovs/pi-task/check-runs/…
2026-07-27T18:06:12.742Z worker:apis: writing answer…
2026-07-27T18:06:14.745Z worker:apis: pi-worker-fetch: https://api.github.com/repos/mjasnikovs/pi-task/check-runs/…
2026-07-27T18:06:22.719Z worker:apis: writing answer…
2026-07-27T18:06:26.601Z worker:apis: pi-worker-fetch: https://github.com/mjasnikovs/pi-task/actions/runs/30287966…
2026-07-27T18:06:32.742Z worker:apis: writing answer…
2026-07-27T18:06:35.540Z worker:apis: pi-worker-fetch: https://api.github.com/repos/mjasnikovs/pi-task/actions/run…
2026-07-27T18:06:48.705Z worker:apis: writing answer…
2026-07-27T18:06:50.814Z worker:apis: pi-worker-fetch: https://api.github.com/repos/mjasnikovs/pi-task/actions/run…
2026-07-27T18:07:05.158Z worker:apis: writing answer…
2026-07-27T18:07:08.132Z worker:apis: pi-worker-fetch: https://api.github.com/repos/mjasnikovs/pi-task/actions/run…
2026-07-27T18:07:27.156Z worker:apis: read: /home/edgars/.pi/agent/extensions/pi-task/.github/workflows/ci.yml
2026-07-27T18:07:27.156Z worker:apis: pi-worker-search: "github.com/mjasnikovs/pi-task CI workflow failures recent"
2026-07-27T18:07:30.962Z worker:apis: pi-worker-fetch: https://github.com/mjasnikovs/pi-task/actions
2026-07-27T18:07:37.019Z worker:apis: pi-worker-search: "site:github.com/mjasnikovs/pi-task/actions failing workflow"
2026-07-27T18:07:38.835Z worker:apis: pi-worker-fetch: https://github.com/mjasnikovs/pi-task/actions?query=is%3Afa…
2026-07-27T18:07:45.688Z worker:apis: pi-worker-fetch: https://github.com/mjasnikovs/pi-task/actions
2026-07-27T18:07:50.819Z worker:apis: pi-worker-fetch: https://github.com/mjasnikovs/pi-task/actions
2026-07-27T18:07:54.964Z worker:apis: writing answer…
2026-07-27T18:07:57.335Z worker:apis: pi-worker-fetch: https://api.github.com/repos/mjasnikovs/pi-task/actions/run…
2026-07-27T18:08:16.556Z worker:apis: pi-worker-fetch: https://api.github.com/repos/mjasnikovs/pi-task/actions/run…
2026-07-27T18:08:33.257Z worker:apis: writing answer…
2026-07-27T18:08:35.644Z worker:apis: pi-worker-fetch: https://api.github.com/repos/mjasnikovs/pi-task/actions/job…
2026-07-27T18:08:37.717Z worker:apis: pi-worker-fetch: https://api.github.com/repos/mjasnikovs/pi-task/actions/job…
2026-07-27T18:08:51.624Z worker:apis: writing answer…
2026-07-27T18:08:55.949Z worker:apis: pi-worker-fetch: https://api.github.com/repos/mjasnikovs/pi-task/actions/run…
2026-07-27T18:08:55.949Z worker:apis: pi-worker-fetch: https://github.com/mjasnikovs/pi-task/actions/runs/30287966…
2026-07-27T18:10:22.393Z worker:apis: writing answer…
2026-07-27T18:10:26.051Z worker:apis: pi-worker-fetch: https://api.github.com/repos/mjasnikovs/pi-task/check-runs/…
2026-07-27T18:10:33.950Z worker:apis: pi-worker-fetch: https://api.github.com/repos/mjasnikovs/pi-task/check-runs/…
2026-07-27T18:10:41.443Z worker:apis: writing answer…
2026-07-27T18:10:44.860Z worker:apis: grep: windows|Windows|WIN32|win32|platform.*win|process\.platform
2026-07-27T18:10:44.861Z worker:apis: grep: skip.*windows|only.*linux|only.*unix|describe\.skip|test\.skip
2026-07-27T18:10:49.979Z worker:apis: grep: \bfs\.(writeFile|mkdir|rm|unlink|rename|copyFile|access|stat|readlink)\b
2026-07-27T18:10:49.979Z worker:apis: grep: child_process|spawn|exec|Bun\.spawn|denodeify
2026-07-27T18:10:51.381Z worker:apis: writing answer…
2026-07-27T18:10:54.429Z worker:apis: read: /home/edgars/.pi/agent/extensions/pi-task/bunfig.toml
2026-07-27T18:10:54.429Z worker:apis: grep: \.skip\(|\.only\(|test\.skip|describe\.skip
2026-07-27T18:10:57.159Z worker:apis: grep: test\.skipIf|\.skipIf
2026-07-27T18:10:57.159Z worker:apis: grep: ENAMETOOLONG|EACCES|ENOENT|EPERM|path.*separator|sep.*windows|backslash
2026-07-27T18:10:59.450Z worker:apis: writing answer…
2026-07-27T18:11:02.105Z worker:apis: pi-worker-fetch: https://api.github.com/repos/mjasnikovs/pi-task/actions/run…
2026-07-27T18:11:20.186Z worker:apis: read: /home/edgars/.pi/agent/extensions/pi-task/.github/workflows/ci.yml
2026-07-27T18:11:20.186Z worker:apis: pi-worker-docs: . "What does the CI workflow test? What commands does it run? …"
2026-07-27T18:11:28.409Z worker:apis: pi-worker-search: "github.com/mjasnikovs/pi-task CI workflow failures recent"
2026-07-27T18:11:29.914Z worker:apis: pi-worker-search: "mjasnikovs pi-task github actions ci failing"
2026-07-27T18:11:30.462Z worker:apis: writing answer…
2026-07-27T18:11:32.507Z worker:apis: read: /home/edgars/.pi/agent/extensions/pi-task/tsconfig.build.json
2026-07-27T18:11:32.507Z worker:apis: read: /home/edgars/.pi/agent/extensions/pi-task/bunfig.toml
2026-07-27T18:11:32.507Z worker:apis: read: /home/edgars/.pi/agent/extensions/pi-task/scripts/node-smoke.mjs
2026-07-27T18:11:34.998Z worker:apis: pi-worker-docs: . "What does listenWithRetry export? What are its parameters a…"
2026-07-27T18:11:42.022Z worker:apis: grep: /home/edgars/.pi/agent/extensions/pi-task/src
2026-07-27T18:11:43.302Z worker:apis: read: /home/edgars/.pi/agent/extensions/pi-task/src/remote/server.ts
2026-07-27T18:11:45.445Z worker:apis: grep: /home/edgars/.pi/agent/extensions/pi-task/src
2026-07-27T18:11:46.575Z worker:apis: find: /home/edgars/.pi/agent/extensions/pi-task
2026-07-27T18:11:48.543Z worker:apis: grep: /home/edgars/.pi/agent/extensions/pi-task/src
2026-07-27T18:11:49.866Z worker:apis: read: /home/edgars/.pi/agent/extensions/pi-task/src/task/real-pi.smoke.test.ts
2026-07-27T18:11:52.040Z worker:apis: grep: /home/edgars/.pi/agent/extensions/pi-task/src
2026-07-27T18:11:53.552Z worker:apis: grep: /home/edgars/.pi/agent/extensions/pi-task
2026-07-27T18:11:54.998Z worker:apis: grep: /home/edgars/.pi/agent/extensions/pi-task/src
2026-07-27T18:11:57.968Z worker:apis: grep: /home/edgars/.pi/agent/extensions/pi-task/src
2026-07-27T18:11:57.982Z worker:apis: done exit=143 wait=818ms work=41317ms
2026-07-27T18:11:57.982Z worker:apis: degraded — stuck in a loop — called grep({"pattern":"process\\.env\\.AGENT","path":"/home/edgars/.pi/agent/extensions/pi-task/src"}) ×5 in the last 18 calls and still looped after restarts
2026-07-27T18:11:57.983Z worker:context: start
2026-07-27T18:12:03.093Z worker:context: writing answer…
2026-07-27T18:12:14.681Z worker:context: done exit=0 wait=622ms work=16076ms
2026-07-27T18:12:14.684Z worker:tooling: start
2026-07-27T18:12:19.065Z worker:tooling: writing answer…
2026-07-27T18:12:19.555Z worker:tooling: done exit=0 wait=623ms work=4248ms
2026-07-27T18:12:24.167Z phase:research: done ms=574946
2026-07-27T18:12:24.176Z phase:grill: start
2026-07-27T18:13:10.242Z phase:grill: done ms=46066
2026-07-27T18:13:10.251Z phase:compose: start
2026-07-27T18:13:20.450Z phase:compose: done ms=10199
2026-07-27T18:13:20.459Z phase:critique: start
2026-07-27T18:13:36.117Z phase:critique: done ms=15658
