2026-07-26T11:40:17.822Z === verify start: Read the `.pi-tasks/` directory tree at `@~/hub/mx5/.pi-tasks/` and produce a written report answering four questions: (1) which gate failed to execute and caused a regression; (2) which worker tool (`pi-worker`, `pi-worker-search`, `pi-worker-fetch`, or `pi-worker-docs`) failed to perform and caused a regression; (3) any observed speed improvements across the task runs; (4) why the frontend ultimately failed to work, including why even login does not work. Every claim must be validated against concrete evidence from the task logs, commit history, and source code under that directory — no guessing or speculation. Do not modify any files in the `mx5` project or elsewhere. ===
2026-07-26T11:40:22.659Z writing answer…
2026-07-26T11:40:30.737Z bash: cd /home/edgars/hub/mx5 && ls .pi-tasks/TASK_*.md 2>/dev/null | head -20 && echo "---task logs found---" || echo "FAIL: no TASK_NNNN.md files found"
2026-07-26T11:40:30.737Z bash: test -d /home/edgars/hub/mx5/.git && echo "git repo exists" || echo "FAIL: git repo not found"
2026-07-26T11:40:30.737Z bash: cd /home/edgars/hub/mx5 && ls .pi-tasks/TASK_*-debug.log 2>/dev/null | head -20 && echo "---debug logs found---" || echo "FAIL: no TASK_XXXX-debug.log files found"
2026-07-26T11:40:30.737Z bash: test -r /home/edgars/hub/mx5/src/client/api.ts && echo "client/api.ts readable" || echo "FAIL: client/api.ts not readable" test -r /home/edgars/hub/mx5/src/client/main.tsx && echo "client/main.tsx readable" || echo "FAIL: client/main.tsx not readable" test -r /home/edgars/hub/mx5/src/client/hooks/useAuth.ts && echo "client/hooks/useAuth.ts readable" || echo "FAIL: client/hooks/useAuth.ts not readable" test -r /home/edgars/hub/mx5/src/client/guards.tsx && echo "client/guards.tsx readable" || echo "FAIL: client/guards.tsx not readable" test -r /home/edgars/hub/mx5/src/client/components/Nav.tsx && echo "client/components/Nav.tsx readable" || echo "FAIL: client/components/Nav.tsx not readable"
2026-07-26T11:40:30.750Z ↳ bash [ok]: …md .pi-tasks/TASK_0009.md .pi-tasks/TASK_0010.md .pi-tasks/TASK_0011.md .pi-tasks/TASK_0012.md .pi-tasks/TASK_0013.md .pi-tasks/TASK_0014.md .pi-tasks/TASK_0015.md .pi-tasks/TASK_0016.md .pi-tasks/TASK_0017.md .pi-tasks/TASK_0018.md .pi-tasks/TASK_0019.md .pi-tasks/TASK_0020.md ---task logs found---
2026-07-26T11:40:30.750Z ↳ bash [ok]: git repo exists
2026-07-26T11:40:30.750Z ↳ bash [ok]: …bug.log .pi-tasks/TASK_0012-debug.log .pi-tasks/TASK_0013-debug.log .pi-tasks/TASK_0014-debug.log .pi-tasks/TASK_0015-debug.log .pi-tasks/TASK_0016-debug.log .pi-tasks/TASK_0017-debug.log .pi-tasks/TASK_0018-debug.log .pi-tasks/TASK_0019-debug.log .pi-tasks/TASK_0020-debug.log ---debug logs found---
2026-07-26T11:40:30.750Z ↳ bash [ok]: client/api.ts readable client/main.tsx readable client/hooks/useAuth.ts readable client/guards.tsx readable client/components/Nav.tsx readable
2026-07-26T11:40:31.458Z writing answer…
2026-07-26T11:40:32.784Z bash: ls /home/edgars/hub/mx5/.pi-tasks/TASK_*.md | wc -l && ls /home/edgars/hub/mx5/.pi-tasks/TASK_*-debug.log | wc -l
2026-07-26T11:40:32.793Z ↳ bash [ok]: 42 41
2026-07-26T11:40:33.807Z bash: ls /home/edgars/hub/mx5/.pi-tasks/TASK_*.md
2026-07-26T11:40:33.812Z ↳ bash [ok]: …/hub/mx5/.pi-tasks/TASK_0036.md /home/edgars/hub/mx5/.pi-tasks/TASK_0037.md /home/edgars/hub/mx5/.pi-tasks/TASK_0038.md /home/edgars/hub/mx5/.pi-tasks/TASK_0039.md /home/edgars/hub/mx5/.pi-tasks/TASK_0040.md /home/edgars/hub/mx5/.pi-tasks/TASK_0041.md /home/edgars/hub/mx5/.pi-tasks/TASK_AUTO_0001.md
2026-07-26T11:40:35.514Z bash: ls /home/edgars/hub/mx5/.pi-tasks/TASK_*-debug.log
2026-07-26T11:40:35.520Z ↳ bash [ok]: …/edgars/hub/mx5/.pi-tasks/TASK_0036-debug.log /home/edgars/hub/mx5/.pi-tasks/TASK_0037-debug.log /home/edgars/hub/mx5/.pi-tasks/TASK_0038-debug.log /home/edgars/hub/mx5/.pi-tasks/TASK_0039-debug.log /home/edgars/hub/mx5/.pi-tasks/TASK_0040-debug.log /home/edgars/hub/mx5/.pi-tasks/TASK_0041-debug.log
2026-07-26T11:40:36.571Z writing answer…
2026-07-26T11:40:39.539Z bash: grep -n -i "gate" /home/edgars/hub/mx5/.pi-tasks/TASK_*-debug.log | head -60
2026-07-26T11:40:39.539Z bash: grep -n -i "worker" /home/edgars/hub/mx5/.pi-tasks/TASK_*-debug.log | head -80
2026-07-26T11:40:39.539Z bash: grep -n -i "regression\|fail\|error" /home/edgars/hub/mx5/.pi-tasks/TASK_*-debug.log | head -80
2026-07-26T11:40:39.546Z ↳ bash [ok]: …stributed(), distr…" /home/edgars/hub/mx5/.pi-tasks/TASK_0002-debug.log:33:2026-07-25T08:49:52.040Z worker:apis: pi-worker-docs: . "all exports and contents of src/server — what modules exist…" /home/edgars/hub/mx5/.pi-tasks/TASK_0002-debug.log:34:2026-07-25T08:49:55.183Z worker:apis: ls: src/server
2026-07-26T11:40:39.551Z ↳ bash [ok]: …/.pi-tasks/TASK_0032-debug.log:131:2026-07-25T15:33:14.012Z worker:apis: pi-worker-docs: wouter "useLocation navigate redirect after form submit" /home/edgars/hub/mx5/.pi-tasks/TASK_0034-debug.log:66:2026-07-25T16:19:54.881Z worker:apis: pi-worker-docs: wouter "Link component, useLocation, navigate"
2026-07-26T11:40:39.551Z ↳ bash [ok]: …hub/mx5/.pi-tasks/TASK_0033-debug.log:110:2026-07-25T15:49:38.358Z worker:apis: pi-worker-docs: . "NewListingPage clearError function, field input change hand…" /home/edgars/hub/mx5/.pi-tasks/TASK_0037-debug.log:38:2026-07-25T16:57:23.495Z grill-auto: connection error "Connection error." — retry 1/2
2026-07-26T11:40:43.393Z writing answer…
2026-07-26T11:40:45.990Z bash: grep -rn -i "gate\|verify.*fail\|regression" /home/edgars/hub/mx5/.pi-tasks/TASK_*.md | head -60
2026-07-26T11:40:45.990Z bash: grep -rn -i "pi-worker\|worker.*fail\|worker.*error" /home/edgars/hub/mx5/.pi-tasks/TASK_*-debug.log | head -60
2026-07-26T11:40:45.998Z ↳ bash [ok]: …57:2026-07-25T10:14:50.117Z worker:apis: pi-worker-docs: hono "Hono .request() method signature, cookie handling in test r…" /home/edgars/hub/mx5/.pi-tasks/TASK_0010-debug.log:62:2026-07-25T10:15:40.442Z worker:apis: pi-worker-docs: hono "Hono class .request(path, init) testing method returns Resp…"
2026-07-26T11:40:46.004Z ↳ bash [ok]: …y custom MIME handling. /home/edgars/hub/mx5/.pi-tasks/TASK_0022.md:64: - Should the server listen on an address bound to `0.0.0.0` for Docker/container use, or only `localhost`? The spec does not mention a bind address; the current code uses `app.fetch` default export which delegates to the runner.
2026-07-26T11:40:52.460Z writing answer…
2026-07-26T11:40:54.756Z bash: grep -rn "verify: FAIL" /home/edgars/hub/mx5/.pi-tasks/TASK_*.md | head -40
2026-07-26T11:40:54.756Z bash: grep -rn "pi-worker-search\|pi-worker-fetch" /home/edgars/hub/mx5/.pi-tasks/TASK_*-debug.log | head -40
2026-07-26T11:40:54.764Z ↳ bash [ok]: …y: FAIL — repo health: `bun run lint` exited 1 /home/edgars/hub/mx5/.pi-tasks/TASK_0026.md:204:- 2026-07-25T13:41:50.709Z verify: FAIL — repo health: `bun run lint` exited 1 /home/edgars/hub/mx5/.pi-tasks/TASK_0027.md:217:- 2026-07-25T13:59:43.461Z verify: FAIL — repo health: `bun run lint` exited 1
2026-07-26T11:40:54.767Z ↳ bash [ok]: …s/wouter/… /home/edgars/hub/mx5/.pi-tasks/TASK_0027-debug.log:69:2026-07-25T13:52:37.055Z worker:apis: pi-worker-fetch: https://www.npmjs.com/package/wouter /home/edgars/hub/mx5/.pi-tasks/TASK_0027-debug.log:72:2026-07-25T13:52:42.807Z worker:apis: pi-worker-fetch: https://github.com/molefrog/wouter
2026-07-26T11:40:57.674Z writing answer…
2026-07-26T11:41:01.225Z bash: grep -rn "gate.*fail\|gate.*skip\|gate.*not.*run\|gate.*did.*not\|gate.*miss" /home/edgars/hub/mx5/.pi-tasks/TASK_*.md | head -20
2026-07-26T11:41:01.225Z bash: grep -rn "gate" /home/edgars/hub/mx5/.pi-tasks/TASK_*-debug.log | head -40
2026-07-26T11:41:01.231Z ↳ bash [ok]: …launch script: `bun run migrate` exited 1 — …server/migrate.ts Migration 0001_init.sql failed: PostgresError: relation "users" already exists errno: "42P07", severity: "ERROR", file: "heap.c", routine: "heap_create_with_catalog", code: "ERR_POSTGRES_SERVER_ERROR" at wrapPostgresError (internal:sql/p
2026-07-26T11:41:01.232Z ↳ bash [ok]: …/.pi-tasks/TASK_0032-debug.log:131:2026-07-25T15:33:14.012Z worker:apis: pi-worker-docs: wouter "useLocation navigate redirect after form submit" /home/edgars/hub/mx5/.pi-tasks/TASK_0034-debug.log:66:2026-07-25T16:19:54.881Z worker:apis: pi-worker-docs: wouter "Link component, useLocation, navigate"
2026-07-26T11:41:03.549Z writing answer…
2026-07-26T11:41:04.990Z read: /home/edgars/hub/mx5/.pi-tasks/TASK_AUTO_0001.md
2026-07-26T11:41:04.991Z ↳ read [ok]: …07-25T18:16:04.153Z final-gate: user chose AUTOFIX (attempt 2/3) - 2026-07-25T18:27:38.397Z final-gate: autofix converged — statics + `bun install --frozen-lockfile --dry-run`, `bun run test`, `bun run test:ct`, `bun run build`, `bun run lint`, `bun run migrate`, `bun run seed`, `bun run dev` passed
2026-07-26T11:41:09.108Z writing answer…
2026-07-26T11:41:10.769Z bash: cat /home/edgars/hub/mx5/.pi-tasks/TASK_AUTO_0001-debug.log 2>/dev/null | head -200
2026-07-26T11:41:10.774Z ↳ bash [ok]: (no output)
2026-07-26T11:41:13.181Z bash: ls -la /home/edgars/hub/mx5/.pi-tasks/TASK_AUTO_0001-debug.log 2>/dev/null; wc -l /home/edgars/hub/mx5/.pi-tasks/TASK_AUTO_0001-debug.log 2>/dev/null
2026-07-26T11:41:13.188Z ↳ bash [ERR]: (no output) Command exited with code 1
2026-07-26T11:41:13.441Z writing answer…
2026-07-26T11:41:15.023Z bash: grep -rn "verify.*repo health\|verify.*work did not verify" /home/edgars/hub/mx5/.pi-tasks/TASK_*.md | head -30
2026-07-26T11:41:15.031Z ↳ bash [ok]: …reverted (defect indicts the ORIGINAL work, still shipped): work did not verify: `AGENT=1 bun test` exits with code 1 due to pre-existing test runner glob collision (bun test picks up Playwright `.spec.tsx` files from TASK_0026/TASK_0027 and crashes on `@playwright/test` imports); all 123 actual uni
2026-07-26T11:41:18.640Z bash: grep -rn "impl-handoff\|RE-ATTEMPT" /home/edgars/hub/mx5/.pi-tasks/TASK_*-debug.log | head -20
2026-07-26T11:41:18.646Z ↳ bash [ok]: …pended (verify FAIL fix) /home/edgars/hub/mx5/.pi-tasks/TASK_0010-debug.log:77:2026-07-25T10:29:57.895Z impl-handoff RE-ATTEMPT banner prepended (verify FAIL fix) /home/edgars/hub/mx5/.pi-tasks/TASK_0011-debug.log:47:2026-07-25T10:41:38.637Z impl-handoff RE-ATTEMPT banner prepended (verify FAIL fix)
2026-07-26T11:41:19.464Z writing answer…
2026-07-26T11:41:21.393Z bash: grep -n "work=\|done exit" /home/edgars/hub/mx5/.pi-tasks/TASK_*-debug.log | head -80
2026-07-26T11:41:21.401Z ↳ bash [ok]: …t: done exit=0 wait=670ms work=137023ms /home/edgars/hub/mx5/.pi-tasks/TASK_0020-debug.log:55:2026-07-25T12:42:20.352Z worker:tooling: done exit=0 wait=655ms work=185195ms /home/edgars/hub/mx5/.pi-tasks/TASK_0020-debug.log:73:2026-07-25T12:45:09.522Z worker:apis: done exit=0 wait=761ms work=114245ms
2026-07-26T11:41:28.318Z bash: grep -n "work=\|done exit" /home/edgars/hub/mx5/.pi-tasks/TASK_*-debug.log | tail -80
2026-07-26T11:41:28.324Z ↳ bash [ok]: …iles: done exit=0 wait=668ms work=37233ms /home/edgars/hub/mx5/.pi-tasks/TASK_0041-debug.log:27:2026-07-25T18:05:50.022Z worker:context: done exit=0 wait=650ms work=55798ms /home/edgars/hub/mx5/.pi-tasks/TASK_0041-debug.log:31:2026-07-25T18:06:00.059Z worker:apis: done exit=0 wait=855ms work=65647ms
2026-07-26T11:41:34.175Z writing answer…
2026-07-26T11:41:38.076Z read: /home/edgars/hub/mx5/src/client/api.ts
2026-07-26T11:41:38.076Z read: /home/edgars/hub/mx5/src/client/main.tsx
2026-07-26T11:41:38.076Z read: /home/edgars/hub/mx5/src/client/hooks/useAuth.ts
2026-07-26T11:41:38.076Z read: /home/edgars/hub/mx5/src/client/guards.tsx
2026-07-26T11:41:38.076Z read: /home/edgars/hub/mx5/src/client/components/Nav.tsx
2026-07-26T11:41:38.077Z ↳ read [ok]: import {hc} from 'hono/client' import type {AppType} from '../server/index' const baseUrl = process.env.APP_URL ?? 'http://localhost:3000' export const client = hc<AppType>(baseUrl)
2026-07-26T11:41:38.077Z ↳ read [ok]: … </Suspense> </RequireAuth> </Route> <Route path='/admin'> <RequireAdmin> <Suspense fallback={<div>Loading...</div>}> <AdminPage /> </Suspense> </RequireAdmin> </Route> </Switch> </Router> ) } const root = createRoot(document.getElementById('root')!) root.render( <StrictMode> <App /> </StrictMode> )
2026-07-26T11:41:38.078Z ↳ read [ok]: …me: data.display_name, role: data.role, is_banned: data.is_banned }) } else { setUser(null) } setLoading(false) } void fetchUser() return () => { cancelled = true } }, []) const authenticated = !!user && !loading const isAdmin = user?.role === 'admin' return {user, loading, authenticated, isAdmin} }
2026-07-26T11:41:38.078Z ↳ read [ok]: …d, isAdmin, loading} = useAuth() const [, setLocation] = useLocation() useEffect(() => { if (!loading && (!authenticated || !isAdmin)) { setLocation('/') } }, [loading, authenticated, isAdmin, setLocation]) if (loading) return null if (!authenticated || !isAdmin) return null return <>{children}</> }
2026-07-26T11:41:38.078Z ↳ read [ok]: …k> <Link href='/new'>New listing</Link> <Link href='/me'>Profile</Link> {isAdmin && <Link href='/admin'>Admin</Link>} <span className='text-sm' style={{color: 'var(--muted)'}} > {user?.display_name} </span> </> : <> <Link href='/login'>Login</Link> <Link href='/login'>Sign up</Link> </> } </nav> ) }
2026-07-26T11:41:40.355Z writing answer…
2026-07-26T11:41:42.737Z bash: grep -rn "frontend\|blank.*page\|empty.*body\|client.*fail\|login.*fail\|render.*fail\|root.*not.*found\|element.*not.*found" /home/edgars/hub/mx5/.pi-tasks/TASK_*.md | head -30
2026-07-26T11:41:42.748Z ↳ bash [ok]: …e/edgars/hub/mx5/.pi-tasks/TASK_AUTO_0001.md:91:- 2026-07-25T18:16:04.150Z final-gate FAIL 1/3: boot check: `bun run dev` listens on :38357 but the rendered body is EMPTY after client JS executed — no visible text, no visual or interactive elements (the blank-page class: HTTP serves, nothing mounts)
2026-07-26T11:41:48.119Z bash: grep -rn "blank\|empty.*body\|nothing.*mount\|client.*js.*fail\|hmr\|vite\|bun.*build\|dist/\|index.html" /home/edgars/hub/mx5/.pi-tasks/TASK_*-debug.log | head -40
2026-07-26T11:41:48.128Z ↳ bash [ok]: …r functions in src/server/routes/invites.ts…" /home/edgars/hub/mx5/.pi-tasks/TASK_0038-debug.log:26:2026-07-25T17:05:00.361Z worker:apis: read: src/server/routes/invites.ts /home/edgars/hub/mx5/.pi-tasks/TASK_0040-debug.log:16:2026-07-25T17:55:32.194Z worker:files: read: src/server/routes/invites.ts
2026-07-26T11:41:51.807Z writing answer…
2026-07-26T11:41:53.716Z read: /home/edgars/hub/mx5/.pi-tasks/TASK_AUTO_0001.md
2026-07-26T11:41:53.717Z ↳ read [ok]: …07-25T18:16:04.153Z final-gate: user chose AUTOFIX (attempt 2/3) - 2026-07-25T18:27:38.397Z final-gate: autofix converged — statics + `bun install --frozen-lockfile --dry-run`, `bun run test`, `bun run test:ct`, `bun run build`, `bun run lint`, `bun run migrate`, `bun run seed`, `bun run dev` passed
2026-07-26T11:41:56.145Z writing answer…
2026-07-26T11:41:58.165Z read: /home/edgars/hub/mx5/.pi-tasks/TASK_0027-debug.log
2026-07-26T11:41:58.166Z ↳ read [ok]: …50 2026-07-25T13:54:07.718Z phase:grill: start 2026-07-25T13:54:34.067Z phase:grill: done ms=26349 2026-07-25T13:54:34.076Z phase:compose: start 2026-07-25T13:54:56.890Z phase:compose: done ms=22814 2026-07-25T13:54:56.891Z phase:critique: start 2026-07-25T13:56:11.628Z phase:critique: done ms=74737
2026-07-26T11:42:03.664Z read: /home/edgars/hub/mx5/.pi-tasks/TASK_0027.md
2026-07-26T11:42:03.665Z ↳ read [ok]: …6-07-25T14:03:50.293Z verify: PASS - 2026-07-25T14:03:50.337Z commit: task snapshot committed (no git identity configured — used pi-task fallback) - 2026-07-25T14:03:55.988Z enforce(edit): clean (disabled) - 2026-07-25T14:03:55.989Z enforce(edit): no code edits — enforce commit and re-verify skipped
2026-07-26T11:42:04.723Z writing answer…
2026-07-26T11:42:07.014Z read: /home/edgars/hub/mx5/.pi-tasks/TASK_0028.md
2026-07-26T11:42:07.014Z ↳ read [ok]: …edits in tree - 2026-07-25T14:32:50.641Z enforce: fixes committed but re-verify FAILED (work did not verify: `AGENT=1 bun test` exits with code 1 due to pre-existing test runner glob collision (bun test picks up Playwright `.spec.tsx` files from TASK_0026/TASK_0027 and crashes on `@playw) — REVERTED
2026-07-26T11:42:09.109Z read: /home/edgars/hub/mx5/.pi-tasks/TASK_0041.md
2026-07-26T11:42:09.110Z ↳ read [ok]: …6-07-25T18:09:19.575Z verify: PASS - 2026-07-25T18:09:19.628Z commit: task snapshot committed (no git identity configured — used pi-task fallback) - 2026-07-25T18:09:27.868Z enforce(edit): clean (disabled) - 2026-07-25T18:09:27.869Z enforce(edit): no code edits — enforce commit and re-verify skipped
2026-07-26T11:42:13.431Z writing answer…
2026-07-26T11:42:15.064Z read: /home/edgars/hub/mx5/src/server/index.ts
2026-07-26T11:42:15.065Z ↳ read [ok]: …00, {'Cache-Control': 'no-cache'}) } catch { return c.notFound() } }) const port = Number(process.env.PORT) || 3000 if (process.env.NODE_ENV !== 'test') { console.log(`Server running on http://localhost:${port}`) } export {app} export type AppType = typeof app export default {fetch: app.fetch, port}
2026-07-26T11:42:16.285Z writing answer…
2026-07-26T11:42:18.080Z read: /home/edgars/hub/mx5/.pi-tasks/TASK_0024-debug.log
2026-07-26T11:42:18.080Z ↳ read [ok]: …7-25T13:23:32.650Z phase:compose: start 2026-07-25T13:23:45.063Z phase:compose: done ms=12413 2026-07-25T13:23:45.064Z phase:critique: start 2026-07-25T13:24:04.890Z owned-requirements braces: appended omitted design obligation(s) to CONSTRAINTS 2026-07-25T13:24:04.890Z phase:critique: done ms=19826
2026-07-26T11:42:20.468Z writing answer…
2026-07-26T11:42:22.235Z read: /home/edgars/hub/mx5/.pi-tasks/TASK_0040-debug.log
2026-07-26T11:42:22.235Z ↳ read [ok]: …7-25T17:58:21.453Z phase:compose: start 2026-07-25T17:58:36.346Z phase:compose: done ms=14893 2026-07-25T17:58:36.348Z phase:critique: start 2026-07-25T17:59:01.507Z owned-requirements braces: appended omitted design obligation(s) to CONSTRAINTS 2026-07-25T17:59:01.507Z phase:critique: done ms=25159
2026-07-26T11:42:25.988Z writing answer…
2026-07-26T11:42:27.748Z read: /home/edgars/hub/mx5/.pi-tasks/TASK_0040.md
2026-07-26T11:42:27.749Z ↳ read [ok]: …6-07-25T18:04:03.566Z verify: PASS - 2026-07-25T18:04:03.615Z commit: task snapshot committed (no git identity configured — used pi-task fallback) - 2026-07-25T18:04:11.740Z enforce(edit): clean (disabled) - 2026-07-25T18:04:11.741Z enforce(edit): no code edits — enforce commit and re-verify skipped
2026-07-26T11:42:30.202Z writing answer…
2026-07-26T11:42:32.601Z read: /home/edgars/hub/mx5/.pi-tasks/TASK_0022.md
2026-07-26T11:42:32.602Z ↳ read [ok]: …6-07-25T13:04:57.548Z verify: PASS - 2026-07-25T13:04:57.593Z commit: task snapshot committed (no git identity configured — used pi-task fallback) - 2026-07-25T13:05:02.318Z enforce(edit): clean (disabled) - 2026-07-25T13:05:02.318Z enforce(edit): no code edits — enforce commit and re-verify skipped
2026-07-26T11:42:36.220Z writing answer…
2026-07-26T11:42:39.124Z read: /home/edgars/hub/mx5/.pi-tasks/TASK_0021.md
2026-07-26T11:42:39.125Z ↳ read [ok]: …6-07-25T12:56:23.695Z verify: PASS - 2026-07-25T12:56:23.734Z commit: task snapshot committed (no git identity configured — used pi-task fallback) - 2026-07-25T12:56:28.172Z enforce(edit): clean (disabled) - 2026-07-25T12:56:28.173Z enforce(edit): no code edits — enforce commit and re-verify skipped
2026-07-26T11:42:41.919Z writing answer…
2026-07-26T11:42:45.154Z bash: grep -rn "typedClient\|hc<AppType>\|client\.api" /home/edgars/hub/mx5/src/client/ | head -20
2026-07-26T11:42:45.161Z ↳ bash [ok]: …ages/ListingPage.tsx:154: typedClient.api.listings[':id'] /home/edgars/hub/mx5/src/client/pages/LoginPage.tsx:7:// TypeScript 6 resolves hc<AppType> return type as `unknown`, so we cast /home/edgars/hub/mx5/src/client/pages/ProfilePage.tsx:48:const typedClient = hc<AppType>(baseUrl) as ProfileClient
2026-07-26T11:42:48.177Z read: /home/edgars/hub/mx5/src/client/pages/LoginPage.tsx
2026-07-26T11:42:48.178Z ↳ read [ok]: …e'>{passwordError}</p>} </div> <button className='btn' type='submit' disabled={loading} > {loading ? <span className='btn-spinner' /> : <span className='btn-text'>Sign In</span>} </button> {serverError && <p className='form-error visible server-error'>{serverError}</p>} </form> </div> </div> </> ) }
2026-07-26T11:42:50.597Z writing answer…
2026-07-26T11:42:51.829Z read: /home/edgars/hub/mx5/src/client/index.css
2026-07-26T11:42:51.830Z ↳ read [ok]: …n-top: 6px; display: none; } .form-error.visible { display: block; } .btn-spinner { width: 18px; height: 18px; border: 2px solid oklch(100% 0 0 / 0.3); border-top-color: oklch(100% 0 0); border-radius: 50%; animation: spin 0.6s linear infinite; } @keyframes spin { to { transform: rotate(360deg); } }
2026-07-26T11:42:55.912Z writing answer…
2026-07-26T11:42:58.651Z read: /home/edgars/hub/mx5/build.ts
2026-07-26T11:42:58.651Z bash: cat /home/edgars/hub/mx5/package.json
2026-07-26T11:42:58.654Z ↳ read [ok]: …ta charset="UTF-8" /> <meta name="viewport" content="width=device-width, initial-scale=1.0" /> <title>MX-5 Private</title> <link rel="stylesheet" href="/app.css" /> </head> <body> <div id="root"></div> <script type="module" src="/main.js"></script> </body> </html>` Bun.write('dist/index.html', html)
2026-07-26T11:42:58.655Z ↳ bash [ok]: ….7.0", "playwright": "^1.62.0", "prettier": "^3.9.4", "react": "^19.2.8", "react-dom": "^19.2.8", "typescript": "^6.0.3", "typescript-eslint": "^8.62.1", "vite": "^8.1.5" }, "dependencies": { "@hono/zod-validator": "0.8.0", "hono": "4.12.27", "sharp": "0.35.3", "wouter": "3.10.0", "zod": "4.4.3" } }
2026-07-26T11:43:00.570Z writing answer…
2026-07-26T11:43:02.330Z read: /home/edgars/hub/mx5/.pi-tasks/TASK_0028-debug.log
2026-07-26T11:43:02.331Z ↳ read [ok]: …06 2026-07-25T14:09:03.773Z phase:grill: start 2026-07-25T14:09:26.953Z phase:grill: done ms=23180 2026-07-25T14:09:26.962Z phase:compose: start 2026-07-25T14:09:48.760Z phase:compose: done ms=21798 2026-07-25T14:09:48.761Z phase:critique: start 2026-07-25T14:10:04.035Z phase:critique: done ms=15274
2026-07-26T11:43:07.371Z writing answer…
2026-07-26T11:43:09.329Z read: /home/edgars/hub/mx5/.pi-tasks/TASK_0008-debug.log
2026-07-26T11:43:09.330Z ↳ read [ok]: …ue: start 2026-07-25T09:46:38.462Z owned-requirements braces: appended omitted design obligation(s) to CONSTRAINTS 2026-07-25T09:46:38.463Z phase:critique: done ms=33956 2026-07-25T09:55:15.197Z run: start phase=done 2026-07-25T09:55:15.203Z impl-handoff RE-ATTEMPT banner prepended (verify FAIL fix)
2026-07-26T11:43:12.183Z writing answer…
2026-07-26T11:43:14.226Z read: /home/edgars/hub/mx5/.pi-tasks/TASK_0008.md
2026-07-26T11:43:14.227Z ↳ read [ok]: …6-07-25T10:02:24.920Z verify: PASS - 2026-07-25T10:02:24.966Z commit: task snapshot committed (no git identity configured — used pi-task fallback) - 2026-07-25T10:02:27.881Z enforce(edit): clean (disabled) - 2026-07-25T10:02:27.882Z enforce(edit): no code edits — enforce commit and re-verify skipped
2026-07-26T11:43:16.539Z writing answer…
2026-07-26T11:43:19.739Z read: /home/edgars/hub/mx5/.pi-tasks/TASK_0032-debug.log
2026-07-26T11:43:19.740Z ↳ read [ok]: …516 2026-07-25T15:35:18.722Z phase:grill: start 2026-07-25T15:35:44.735Z phase:grill: done ms=26013 2026-07-25T15:35:44.744Z phase:compose: start 2026-07-25T15:36:08.084Z phase:compose: done ms=23340 2026-07-25T15:36:08.085Z phase:critique: start 2026-07-25T15:36:11.578Z phase:critique: done ms=3493
2026-07-26T11:43:22.363Z writing answer…
2026-07-26T11:43:26.299Z read: /home/edgars/hub/mx5/.pi-tasks/TASK_0031-debug.log
2026-07-26T11:43:26.299Z read: /home/edgars/hub/mx5/.pi-tasks/TASK_0037-debug.log
2026-07-26T11:43:26.299Z ↳ read [ok]: …6:55:40.616Z worker:tooling: read: /workspace/eslint.config.js 2026-07-25T16:55:45.308Z worker:context: read: src/server/auth.ts 2026-07-25T16:55:45.308Z worker:context: read: test/auth.test.ts 2026-07-25T16:55:54.004Z worker:files: writing answer… [30 more lines in file. Use offset=16 to continue.]
2026-07-26T11:43:26.299Z ↳ read [ok]: …ne exit=0 wait=636ms work=12071ms 2026-07-25T14:59:09.787Z worker:tooling: writing answer… 2026-07-25T14:59:10.690Z worker:tooling: done exit=0 wait=654ms work=14950ms 2026-07-25T14:59:15.808Z worker:context: read: src/client/pages/ListingPage.tsx [107 more lines in file. Use offset=16 to continue.]
2026-07-26T11:43:30.209Z read: /home/edgars/hub/mx5/.pi-tasks/TASK_0037-debug.log
2026-07-26T11:43:30.209Z ↳ read [ok]: …07-25T16:57:34.110Z phase:compose: start 2026-07-25T16:57:44.810Z phase:compose: done ms=10700 2026-07-25T16:57:44.811Z phase:critique: start 2026-07-25T16:57:47.942Z owned-requirements braces: appended omitted design obligation(s) to CONSTRAINTS 2026-07-25T16:57:47.942Z phase:critique: done ms=3131
2026-07-26T11:43:31.827Z writing answer…
2026-07-26T11:43:33.861Z bash: cd /home/edgars/hub/mx5 && git log --oneline -20
2026-07-26T11:43:33.876Z ↳ bash [ok]: …hey differ" a5f5756 task: New listing page — form with all fields (title, description, price, generation, type, condition, location, part number, contact note), photo uploader | spec: @DESIGN/PROJECT.md — otherwise authoritative; read it and follow it over this title wherever they differ (TASK_0032)
2026-07-26T11:43:36.520Z writing answer…
2026-07-26T11:43:39.121Z bash: grep -rn "enforce.*skip\|enforce.*disabled\|enforce.*clean" /home/edgars/hub/mx5/.pi-tasks/TASK_*.md | head -20
2026-07-26T11:43:39.126Z ↳ bash [ok]: … code edits — enforce commit and re-verify skipped /home/edgars/hub/mx5/.pi-tasks/TASK_0010.md:194:- 2026-07-25T10:32:21.216Z enforce(edit): clean (disabled) /home/edgars/hub/mx5/.pi-tasks/TASK_0010.md:195:- 2026-07-25T10:32:21.218Z enforce(edit): no code edits — enforce commit and re-verify skipped
2026-07-26T11:43:41.914Z writing answer…
2026-07-26T11:43:44.841Z bash: grep -rn "enforce.*FAIL\|enforce.*revert\|enforce.*REVERT" /home/edgars/hub/mx5/.pi-tasks/TASK_*.md | head -20
2026-07-26T11:43:44.847Z ↳ bash [ok]: …reverted (defect indicts the ORIGINAL work, still shipped): work did not verify: `AGENT=1 bun test` exits with code 1 due to pre-existing test runner glob collision (bun test picks up Playwright `.spec.tsx` files from TASK_0026/TASK_0027 and crashes on `@playwright/test` imports); all 123 actual uni
2026-07-26T11:43:46.429Z writing answer…
2026-07-26T11:43:48.595Z read: /home/edgars/hub/mx5/.pi-tasks/TASK_0012.md
2026-07-26T11:43:48.596Z ↳ read [ok]: …nded ACCEPT - 2026-07-25T10:52:45.578Z resolution: auto-ACCEPTED despite verify FAIL — autofix budget spent, nobody to ask (YOLO) - 2026-07-25T10:52:45.626Z commit: task snapshot committed (no git identity configured — used pi-task fallback) - 2026-07-25T10:52:45.627Z enforce(flag): clean (disabled)
2026-07-26T11:43:49.850Z writing answer…
2026-07-26T11:43:53.457Z bash: grep -rn "exit=143\|degraded\|timed out\|SIGKILL\|worker.*fail" /home/edgars/hub/mx5/.pi-tasks/TASK_*-debug.log | head -20
2026-07-26T11:43:53.462Z ↳ bash [ok]: /home/edgars/hub/mx5/.pi-tasks/TASK_0032-debug.log:146:2026-07-25T15:35:09.096Z worker:apis: done exit=143 wait=737ms work=239276ms /home/edgars/hub/mx5/.pi-tasks/TASK_0032-debug.log:147:2026-07-25T15:35:09.104Z worker:apis: degraded — timed out after restarts
2026-07-26T11:43:56.883Z bash: grep -rn "pi-worker-fetch.*fail\|fetch.*error\|fetch.*timeout\|fetch.*retry" /home/edgars/hub/mx5/.pi-tasks/TASK_*-debug.log | head -20
2026-07-26T11:43:56.889Z ↳ bash [ok]: (no output)
2026-07-26T11:43:57.665Z writing answer…
2026-07-26T11:43:59.968Z read: /home/edgars/hub/mx5/.pi-tasks/TASK_0025-debug.log
2026-07-26T11:43:59.969Z ↳ read [ok]: …6-07-25T13:30:44.256Z phase:compose: start 2026-07-25T13:31:03.246Z phase:compose: done ms=18990 2026-07-25T13:31:03.255Z phase:critique: start 2026-07-25T13:31:28.633Z owned-requirements braces: appended omitted design obligation(s) to CONSTRAINTS [2 more lines in file. Use offset=100 to continue.]
2026-07-26T11:44:04.250Z writing answer…
2026-07-26T11:44:06.204Z read: /home/edgars/hub/mx5/.pi-tasks/TASK_0025.md
2026-07-26T11:44:06.205Z ↳ read [ERR]: Offset 190 is beyond end of file (185 lines total)
2026-07-26T11:44:07.693Z read: /home/edgars/hub/mx5/.pi-tasks/TASK_0025.md
2026-07-26T11:44:07.694Z ↳ read [ok]: …6-07-25T13:33:43.370Z verify: PASS - 2026-07-25T13:33:43.409Z commit: task snapshot committed (no git identity configured — used pi-task fallback) - 2026-07-25T13:33:47.964Z enforce(edit): clean (disabled) - 2026-07-25T13:33:47.965Z enforce(edit): no code edits — enforce commit and re-verify skipped
2026-07-26T11:44:08.803Z writing answer…
2026-07-26T11:44:11.078Z read: /home/edgars/hub/mx5/.pi-tasks/TASK_0026.md
2026-07-26T11:44:11.079Z ↳ read [ok]: …uman picker - 2026-07-25T13:48:57.327Z resolution: auto-ACCEPTED despite verify FAIL — autofix budget spent, nobody to ask (YOLO) - 2026-07-25T13:48:57.394Z commit: task snapshot committed (no git identity configured — used pi-task fallback) - 2026-07-25T13:48:57.396Z enforce(flag): clean (disabled)
2026-07-26T11:44:12.843Z writing answer…
2026-07-26T11:44:15.707Z read: /home/edgars/hub/mx5/.pi-tasks/TASK_0004.md
2026-07-26T11:44:15.708Z ↳ read [ok]: …6-07-25T09:22:58.054Z verify: PASS - 2026-07-25T09:22:58.089Z commit: task snapshot committed (no git identity configured — used pi-task fallback) - 2026-07-25T09:23:00.540Z enforce(edit): clean (disabled) - 2026-07-25T09:23:00.541Z enforce(edit): no code edits — enforce commit and re-verify skipped
2026-07-26T11:44:16.796Z writing answer…
2026-07-26T11:44:19.102Z bash: grep -c "enforce.*disabled" /home/edgars/hub/mx5/.pi-tasks/TASK_*.md
2026-07-26T11:44:19.108Z ↳ bash [ok]: …asks/TASK_0036.md:1 /home/edgars/hub/mx5/.pi-tasks/TASK_0037.md:1 /home/edgars/hub/mx5/.pi-tasks/TASK_0038.md:1 /home/edgars/hub/mx5/.pi-tasks/TASK_0039.md:1 /home/edgars/hub/mx5/.pi-tasks/TASK_0040.md:1 /home/edgars/hub/mx5/.pi-tasks/TASK_0041.md:1 /home/edgars/hub/mx5/.pi-tasks/TASK_AUTO_0001.md:0
2026-07-26T11:44:22.181Z writing answer…
2026-07-26T11:44:24.251Z bash: ENV-NOTE: Postgres service is not running on this machine (no docker-compose or pg_isready available)
2026-07-26T11:44:24.254Z ↳ bash [ERR]: /bin/bash: -c: line 1: syntax error near unexpected token `(' /bin/bash: -c: line 1: `ENV-NOTE: Postgres service is not running on this machine (no docker-compose or pg_isready available)' Command exited with code 2
2026-07-26T11:44:24.847Z writing answer…
2026-07-26T11:45:32.066Z === verify end: ok ===
2026-07-26T11:45:32.073Z === verify tree changes: DELETED [AUTONOMOUS-PROGRESS.md, PROMPT2-NOTES.md, nexxtasks.txt] ===
2026-07-27T18:14:56.344Z === verify start: Investigate the GitHub Actions CI workflow for the `@mjasnikovs/pi-task` repository and identify the root cause of the failing pipeline(s). Locate the specific failing job(s), step(s), and error message(s) from recent CI runs, then report back with a clear diagnosis explaining exactly which command or test is failing and why — without making any code changes. ===
2026-07-27T18:15:00.624Z writing answer…
2026-07-27T18:15:01.440Z bash: cat .github/workflows/ci.yml && echo "---CI WORKFLOW READ OK---"
2026-07-27T18:15:01.450Z ↳ bash [ok]: …ion: 1.3.14 - name: Setup Node uses: actions/setup-node@v4 with: node-version: ${{ matrix.node }} - name: Install dependencies run: bun install --frozen-lockfile - name: Build (tsc) run: bun run build - name: Node smoke (issue #7 bind/retry) run: node scripts/node-smoke.mjs ---CI WORKFLOW READ OK---
2026-07-27T18:15:04.341Z bash: gh run list --repo mjasnikovs/pi-task --limit 5 --json databaseId,name,status,conclusion && echo "---GH RUN LIST OK---"
2026-07-27T18:15:05.337Z ↳ bash [ok]: …e":"CI","status":"completed"},{"conclusion":"failure","databaseId":30283810282,"name":"CI","status":"completed"},{"conclusion":"failure","databaseId":30282664291,"name":"CI","status":"completed"},{"conclusion":"failure","databaseId":30281374943,"name":"CI","status":"completed"}] ---GH RUN LIST OK---
2026-07-27T18:15:07.048Z bash: FAILED_RUN_ID=$(gh run list --repo mjasnikovs/pi-task --limit 5 --json databaseId,conclusion --jq '.[] | select(.conclusion == "failure") | .databaseId' | head -1) if [ -n "$FAILED_RUN_ID" ]; then gh run view "$FAILED_RUN_ID" --repo mjasnikovs/pi-task --log --job-filters status:failed 2>&1 | tail -100 echo "---FAILED RUN LOGS FETCHED OK---" else echo "NO FAILED RUNS FOUND IN LAST 5" fi
2026-07-27T18:15:07.847Z ↳ bash [ok]: …iew full log for either a run or specific job --log-failed View the log for any failed steps in a run or specific job -t, --template string Format JSON output using a Go template; see "gh help formatting" -v, --verbose Show job steps -w, --web Open run in the browser ---FAILED RUN LOGS FETCHED OK---
2026-07-27T18:15:08.156Z writing answer…
2026-07-27T18:15:10.206Z bash: FAILED_RUN_ID=$(gh run list --repo mjasnikovs/pi-task --limit 5 --json databaseId,conclusion --jq '.[] | select(.conclusion == "failure") | .databaseId' | head -1) if [ -n "$FAILED_RUN_ID" ]; then gh run view "$FAILED_RUN_ID" --repo mjasnikovs/pi-task --log-failed 2>&1 | tail -200 echo "---FAILED RUN LOGS FETCHED OK---" else echo "NO FAILED RUNS FOUND IN LAST 5" fi
2026-07-27T18:15:12.391Z ↳ bash [ok]: …:45.1573851Z Ran 2443 tests across 152 files. [73.73s] build & test (windows-latest) Test 2026-07-27T17:11:45.1983461Z error: script "test" exited with code 1 build & test (windows-latest) Test 2026-07-27T17:11:45.2958699Z ##[error]Process completed with exit code 1. ---FAILED RUN LOGS FETCHED OK---
2026-07-27T18:15:14.865Z writing answer…
2026-07-27T18:15:16.500Z bash: # Get all failed jobs for the most recent run gh run view 30287966331 --repo mjasnikovs/pi-task --json jobs --jq '.jobs[] | select(.conclusion == "failure") | {name, conclusion}'
2026-07-27T18:15:17.672Z ↳ bash [ok]: {"conclusion":"failure","name":"build \u0026 test (windows-latest)"}
2026-07-27T18:15:19.126Z bash: # Check if ubuntu-latest passed gh run view 30287966331 --repo mjasnikovs/pi-task --json jobs --jq '.jobs[] | {name, conclusion}'
2026-07-27T18:15:20.394Z ↳ bash [ok]: …node 24)"} {"conclusion":"success","name":"node smoke (ubuntu-latest, node 24)"} {"conclusion":"failure","name":"build \u0026 test (windows-latest)"} {"conclusion":"success","name":"node smoke (windows-latest, node 22.19.0)"} {"conclusion":"success","name":"node smoke (ubuntu-latest, node 22.19.0)"}
2026-07-27T18:15:22.429Z bash: # Get the full failed log for the windows job, focusing on the two failures FAILED_RUN_ID=30287966331 gh run view "$FAILED_RUN_ID" --repo mjasnikovs/pi-task --log-failed 2>&1 | head -200
2026-07-27T18:15:23.692Z ↳ bash [ok]: …ows-latest) Test 2026-07-27T17:11:45.1573851Z Ran 2443 tests across 152 files. [73.73s] build & test (windows-latest) Test 2026-07-27T17:11:45.1983461Z error: script "test" exited with code 1 build & test (windows-latest) Test 2026-07-27T17:11:45.2958699Z ##[error]Process completed with exit code 1.
2026-07-27T18:15:25.858Z writing answer…
2026-07-27T18:15:26.605Z read: scripts/integration-command-provenance.test.ts
2026-07-27T18:15:26.606Z ↳ read [ok]: … const root = project({'README.md': 'x'}) const yes = await probe(root, {cmd: 'true # localhost', provenance: 't', shape: 'boot'}, 5_000) const no = await probe(root, {cmd: 'true', provenance: 't', shape: 'boot'}, 5_000) expect(yes.matchesMetric).toBe(true) expect(no.matchesMetric).toBe(false) }) })
2026-07-27T18:15:28.216Z read: scripts/integration-command-provenance.ts
2026-07-27T18:15:28.217Z ↳ read [ok]: … cs) { const p = await probe(d, c) console.log( ` ${c.cmd.padEnd(58)} ${c.shape.padEnd(5)} ` + `exit=${p.terminated ? p.exitCode : 'TIMEOUT'} ${(p.ms / 1000).toFixed(1)}s ` + `appendable=${isAppendable(p)} matchesMetric=${p.matchesMetric} [${c.provenance}]` ) } } } if (import.meta.main) await main()
2026-07-27T18:15:29.598Z writing answer…
2026-07-27T18:15:32.253Z bash: # Check if previous runs also failed only on Windows for run_id in 30285000248 30283810282 30282664291 30281374943; do echo "=== Run $run_id ===" gh run view "$run_id" --repo mjasnikovs/pi-task --json jobs --jq '.jobs[] | {name, conclusion}' done
2026-07-27T18:15:37.594Z ↳ bash [ok]: …latest)"} {"conclusion":"failure","name":"build \u0026 test (windows-latest)"} {"conclusion":"success","name":"node smoke (ubuntu-latest, node 22.19.0)"} {"conclusion":"success","name":"node smoke (windows-latest, node 24)"} {"conclusion":"success","name":"node smoke (windows-latest, node 22.19.0)"}
2026-07-27T18:15:39.891Z bash: # Run the final verify block parts (read-only constraint check) if [ -d node_modules/.bun ] && [ "$(find node_modules/.bun -newer .github/workflows/ci.yml -type f 2>/dev/null | wc -l)" -eq 0 ]; then echo "---NO BUILD ARTIFACTS GENERATED OK---" else echo "WARNING: possible build artifacts present — ensure no local commands were run" fi
2026-07-27T18:15:39.894Z ↳ bash [ok]: WARNING: possible build artifacts present — ensure no local commands were run
2026-07-27T18:15:41.398Z bash: # Check what's in node_modules/.bun and whether it's pre-existing ls -la node_modules/.bun/ 2>/dev/null || echo "no .bun dir"
2026-07-27T18:15:41.403Z ↳ bash [ok]: no .bun dir
2026-07-27T18:15:42.387Z bash: # Check git status to confirm no modifications git status --short 2>/dev/null
2026-07-27T18:15:42.394Z ↳ bash [ok]: M .pi-tasks/verify-debug.log ?? .pi-tasks/TASK_0002-debug.log ?? .pi-tasks/TASK_0002.md
2026-07-27T18:15:42.696Z writing answer…
2026-07-27T18:15:43.731Z read: package.json
2026-07-27T18:15:43.732Z ↳ read [ok]: …: "https://github.com/mjasnikovs/pi-task/issues" }, "repository": { "type": "git", "url": "git+https://github.com/mjasnikovs/pi-task.git" }, "license": "AGPL-3.0-only", "pi": { "extensions": [ "dist/index.js" ], "image": "https://raw.githubusercontent.com/mjasnikovs/pi-task/main/assets/hero.png" } }
2026-07-27T18:15:44.846Z writing answer…
2026-07-27T18:16:04.839Z === verify end: ok ===
2026-07-27T18:16:04.845Z === verify tree changes: (no tree changes) ===
2026-07-27T18:18:57.195Z === verify start: Investigate the GitHub Actions CI workflow for the `@mjasnikovs/pi-task` repository and identify the root cause of the failing pipeline(s). Locate the specific failing job(s), step(s), and error message(s) from recent CI runs, then report back with a clear diagnosis explaining exactly which command or test is failing and why — without making any code changes. ===
2026-07-27T18:19:11.197Z writing answer…
2026-07-27T18:19:12.351Z bash: cat .github/workflows/ci.yml && echo "---CI WORKFLOW READ OK---"
2026-07-27T18:19:12.363Z ↳ bash [ok]: …ion: 1.3.14 - name: Setup Node uses: actions/setup-node@v4 with: node-version: ${{ matrix.node }} - name: Install dependencies run: bun install --frozen-lockfile - name: Build (tsc) run: bun run build - name: Node smoke (issue #7 bind/retry) run: node scripts/node-smoke.mjs ---CI WORKFLOW READ OK---
2026-07-27T18:19:13.831Z writing answer…
2026-07-27T18:19:15.182Z bash: gh run list --repo mjasnikovs/pi-task --limit 5 --json databaseId,name,status,conclusion && echo "---GH RUN LIST OK---"
2026-07-27T18:19:16.013Z ↳ bash [ok]: …e":"CI","status":"completed"},{"conclusion":"failure","databaseId":30283810282,"name":"CI","status":"completed"},{"conclusion":"failure","databaseId":30282664291,"name":"CI","status":"completed"},{"conclusion":"failure","databaseId":30281374943,"name":"CI","status":"completed"}] ---GH RUN LIST OK---
2026-07-27T18:19:16.239Z writing answer…
2026-07-27T18:19:17.800Z bash: FAILED_RUN_ID=$(gh run list --repo mjasnikovs/pi-task --limit 5 --json databaseId,conclusion --jq '.[] | select(.conclusion == "failure") | .databaseId' | head -1) if [ -n "$FAILED_RUN_ID" ]; then gh run view "$FAILED_RUN_ID" --repo mjasnikovs/pi-task --log --job-filters status:failed 2>&1 | tail -100 echo "---FAILED RUN LOGS FETCHED OK---" else echo "NO FAILED RUNS FOUND IN LAST 5" fi
2026-07-27T18:19:18.614Z ↳ bash [ok]: …iew full log for either a run or specific job --log-failed View the log for any failed steps in a run or specific job -t, --template string Format JSON output using a Go template; see "gh help formatting" -v, --verbose Show job steps -w, --web Open run in the browser ---FAILED RUN LOGS FETCHED OK---
2026-07-27T18:19:18.981Z writing answer…
2026-07-27T18:19:20.792Z bash: FAILED_RUN_ID=$(gh run list --repo mjasnikovs/pi-task --limit 5 --json databaseId,conclusion --jq '.[] | select(.conclusion == "failure") | .databaseId' | head -1) echo "Fetching logs for run: $FAILED_RUN_ID" gh run view "$FAILED_RUN_ID" --repo mjasnikovs/pi-task --log-failed 2>&1 | tail -200
2026-07-27T18:19:22.708Z ↳ bash [ok]: …ows-latest) Test 2026-07-27T17:11:45.1573851Z Ran 2443 tests across 152 files. [73.73s] build & test (windows-latest) Test 2026-07-27T17:11:45.1983461Z error: script "test" exited with code 1 build & test (windows-latest) Test 2026-07-27T17:11:45.2958699Z ##[error]Process completed with exit code 1.
2026-07-27T18:19:25.036Z writing answer…
2026-07-27T18:19:26.732Z bash: gh run view "$FAILED_RUN_ID" --repo mjasnikovs/pi-task --json jobs --jq '.jobs[] | {name: .name, status: .status, conclusion: .conclusion, steps: [.steps[] | {name: .name, status: .status, conclusion: .conclusion}]}'
2026-07-27T18:19:26.965Z ↳ bash [ERR]: failed to get run: HTTP 404: Not Found (https://api.github.com/repos/mjasnikovs/pi-task/actions/runs/?exclude_pull_requests=true) Command exited with code 1
2026-07-27T18:19:29.029Z bash: FAILED_RUN_ID=$(gh run list --repo mjasnikovs/pi-task --limit 5 --json databaseId,conclusion --jq '.[] | select(.conclusion == "failure") | .databaseId' | head -1) gh run view "$FAILED_RUN_ID" --repo mjasnikovs/pi-task --json jobs --jq '.jobs[] | {name: .name, status: .status, conclusion: .conclusion}'
2026-07-27T18:19:31.068Z ↳ bash [ok]: …tus":"completed"} {"conclusion":"failure","name":"build \u0026 test (windows-latest)","status":"completed"} {"conclusion":"success","name":"node smoke (windows-latest, node 22.19.0)","status":"completed"} {"conclusion":"success","name":"node smoke (ubuntu-latest, node 22.19.0)","status":"completed"}
2026-07-27T18:19:31.532Z writing answer…
2026-07-27T18:19:33.828Z bash: FAILED_RUN_ID=$(gh run list --repo mjasnikovs/pi-task --limit 5 --json databaseId,conclusion --jq '.[] | select(.conclusion == "failure") | .databaseId' | head -1) gh run view "$FAILED_RUN_ID" --repo mjasnikovs/pi-task --json jobs --jq '.jobs[] | select(.conclusion == "failure") | .steps[] | {name: .name, status: .status, conclusion: .conclusion}'
2026-07-27T18:19:35.664Z ↳ bash [ok]: …usion":"success","name":"Diagnose survivors (windows)","status":"completed"} {"conclusion":"skipped","name":"Post Install bun","status":"completed"} {"conclusion":"success","name":"Post Run actions/checkout@v4","status":"completed"} {"conclusion":"success","name":"Complete job","status":"completed"}
2026-07-27T18:19:36.461Z writing answer…
2026-07-27T18:19:38.576Z bash: FAILED_RUN_ID=$(gh run list --repo mjasnikovs/pi-task --limit 5 --json databaseId,conclusion --jq '.[] | select(.conclusion == "failure") | .databaseId' | head -1) gh run view "$FAILED_RUN_ID" --repo mjasnikovs/pi-task --log-failed 2>&1 | head -80
2026-07-27T18:19:40.462Z ↳ bash [ok]: …ows-latest) Test 2026-07-27T17:11:45.1573851Z Ran 2443 tests across 152 files. [73.73s] build & test (windows-latest) Test 2026-07-27T17:11:45.1983461Z error: script "test" exited with code 1 build & test (windows-latest) Test 2026-07-27T17:11:45.2958699Z ##[error]Process completed with exit code 1.
2026-07-27T18:19:43.064Z writing answer…
2026-07-27T18:19:44.253Z read: scripts/integration-command-provenance.test.ts
2026-07-27T18:19:44.262Z ↳ read [ok]: … const root = project({'README.md': 'x'}) const yes = await probe(root, {cmd: 'true # localhost', provenance: 't', shape: 'boot'}, 5_000) const no = await probe(root, {cmd: 'true', provenance: 't', shape: 'boot'}, 5_000) expect(yes.matchesMetric).toBe(true) expect(no.matchesMetric).toBe(false) }) })
2026-07-27T18:19:45.675Z writing answer…
2026-07-27T18:19:46.712Z read: scripts/integration-command-provenance.ts
2026-07-27T18:19:46.713Z ↳ read [ok]: … cs) { const p = await probe(d, c) console.log( ` ${c.cmd.padEnd(58)} ${c.shape.padEnd(5)} ` + `exit=${p.terminated ? p.exitCode : 'TIMEOUT'} ${(p.ms / 1000).toFixed(1)}s ` + `appendable=${isAppendable(p)} matchesMetric=${p.matchesMetric} [${c.provenance}]` ) } } } if (import.meta.main) await main()
2026-07-27T18:19:48.195Z writing answer…
2026-07-27T18:19:50.849Z bash: # Check the onPath function - it uses path.delimiter and existsSync for the binary name without .exe extension # On Windows, PATH entries would have bun.exe, not bun grep -n 'onPath' scripts/integration-command-provenance.ts
2026-07-27T18:19:50.855Z ↳ bash [ok]: …g): boolean { 54: if (existsSync(pkgPath) && onPath('bun')) { 73: if (has('project.godot') && onPath('godot')) { 80: if (has('addons/gut/gut_cmdln.gd') && onPath('godot')) { 87: if ((has('CMakePresets.json') || has('CMakeLists.txt')) && onPath('cmake')) { 90: if (has('Makefile') && onPath('make')) {
2026-07-27T18:19:51.249Z writing answer…
2026-07-27T18:19:55.951Z bash: # Check second most recent run to confirm same failures RUN2=$(gh run list --repo mjasnikovs/pi-task --limit 5 --json databaseId,conclusion --jq '.[] | select(.conclusion == "failure") | .databaseId' | sed -n '2p') echo "Checking run: $RUN2" gh run view "$RUN2" --repo mjasnikovs/pi-task --log-failed 2>&1 | grep -E "(fail\)|error:|exit code)"
2026-07-27T18:19:57.928Z ↳ bash [ok]: … probe > a command that does not terminate is NOT appendable [409.52ms] build & test (windows-latest) UNKNOWN STEP 2026-07-27T16:32:38.6706104Z error: script "test" exited with code 1 build & test (windows-latest) UNKNOWN STEP 2026-07-27T16:32:38.7714332Z ##[error]Process completed with exit code 1.
2026-07-27T18:19:58.594Z writing answer…
2026-07-27T18:20:00.287Z bash: # Confirm no local build/test commands were executed (verify read-only constraint) if [ -d node_modules/.bun ] && [ "$(find node_modules/.bun -newer .github/workflows/ci.yml -type f 2>/dev/null | wc -l)" -eq 0 ]; then echo "---NO BUILD ARTIFACTS GENERATED OK---" else echo "WARNING: possible build artifacts present — ensure no local commands were run" fi
2026-07-27T18:20:00.291Z ↳ bash [ok]: WARNING: possible build artifacts present — ensure no local commands were run
2026-07-27T18:20:01.983Z bash: # Check what's in node_modules/.bun - this is pre-existing from the repo setup, not from us ls -la node_modules/.bun 2>/dev/null || echo "node_modules/.bun does not exist"
2026-07-27T18:20:01.989Z ↳ bash [ok]: node_modules/.bun does not exist
2026-07-27T18:20:04.291Z bash: # The check failed because node_modules/.bun doesn't exist (no bun install was ever run locally) # This is expected - we did NOT run any build commands. Let's verify our read-only constraint: ls dist/ 2>/dev/null | head -5 || echo "No dist directory"
2026-07-27T18:20:04.296Z ↳ bash [ok]: config index.d.ts index.js remote shared
2026-07-27T18:20:04.479Z writing answer…
2026-07-27T18:20:06.155Z bash: # Read package.json for context on test script cat package.json | head -30
2026-07-27T18:20:06.164Z ↳ bash [ok]: … "peerDependencies": { "@earendil-works/pi-coding-agent": ">=0.80.0", "@earendil-works/pi-agent-core": ">=0.80.0", "@earendil-works/pi-tui": ">=0.80.0" }, "dependencies": { "@mozilla/readability": "0.6.0", "@sinclair/typebox": "0.34.49", "linkedom": "0.18.12", "qrcode": "1.5.4", "turndown": "7.2.4",
2026-07-27T18:20:06.794Z writing answer…
2026-07-27T18:20:19.962Z === verify end: ok ===
2026-07-27T18:20:19.969Z === verify tree changes: (no tree changes) ===
